LINK : warning LNK4098: defaultlib 'MSVCRTD' conflicts with use of other libs; use /NODEFAULTLIB:library
  Generating code
  Previous IPDB not found, fall back to full compilation.
  All 17066 functions were compiled because no usable IPDB/IOBJ from previous compilation was found.
  Finished generating code
blk.lib(Fl_Menu_add.obj) : warning LNK4099: PDB '' was not found with 'blk.lib(Fl_Menu_add.obj)' or at ''; linking object as if no debug info
blk.lib(Fl_Menu.obj) : warning LNK4099: PDB '' was not found with 'blk.lib(Fl_Menu.obj)' or at ''; linking object as if no debug info
blk.lib(Fl.obj) : warning LNK4099: PDB '' was not found with 'blk.lib(Fl.obj)' or at ''; linking object as if no debug info
blk.lib(Fl_Window.obj) : warning LNK4099: PDB '' was not found with 'blk.lib(Fl_Window.obj)' or at ''; linking object as if no debug info
blk.lib(Fl_Window_shape.obj) : warning LNK4099: PDB '' was not found with 'blk.lib(Fl_Window_shape.obj)' or at ''; linking object as if no debug info
blk.lib(fl_font.obj) : warning LNK4099: PDB '' was not found with 'blk.lib(fl_font.obj)' or at ''; linking object as if no debug info
blk.lib(Fl_Menu_Bar.obj) : warning LNK4099: PDB '' was not found with 'blk.lib(Fl_Menu_Bar.obj)' or at ''; linking object as if no debug info
blk.lib(Fl_Text_Buffer.obj) : warning LNK4099: PDB '' was not found with 'blk.lib(Fl_Text_Buffer.obj)' or at ''; linking object as if no debug info
blk.lib(Fl_Group.obj) : warning LNK4099: PDB '' was not found with 'blk.lib(Fl_Group.obj)' or at ''; linking object as if no debug info
blk.lib(Fl_Device.obj) : warning LNK4099: PDB '' was not found with 'blk.lib(Fl_Device.obj)' or at ''; linking object as if no debug info
blk.lib(Fl_Input_.obj) : warning LNK4099: PDB '' was not found with 'blk.lib(Fl_Input_.obj)' or at ''; linking object as if no debug info
blk.lib(Fl_Button.obj) : warning LNK4099: PDB '' was not found with 'blk.lib(Fl_Button.obj)' or at ''; linking object as if no debug info
blk.lib(fl_ask.obj) : warning LNK4099: PDB '' was not found with 'blk.lib(fl_ask.obj)' or at ''; linking object as if no debug info
blk.lib(Fl_Text_Display.obj) : warning LNK4099: PDB '' was not found with 'blk.lib(Fl_Text_Display.obj)' or at ''; linking object as if no debug info
blk.lib(Fl_File_Chooser2.obj) : warning LNK4099: PDB '' was not found with 'blk.lib(Fl_File_Chooser2.obj)' or at ''; linking object as if no debug info
blk.lib(Fl_File_Chooser.obj) : warning LNK4099: PDB '' was not found with 'blk.lib(Fl_File_Chooser.obj)' or at ''; linking object as if no debug info
blk.lib(Fl_Input.obj) : warning LNK4099: PDB '' was not found with 'blk.lib(Fl_Input.obj)' or at ''; linking object as if no debug info
blk.lib(Fl_Choice.obj) : warning LNK4099: PDB '' was not found with 'blk.lib(Fl_Choice.obj)' or at ''; linking object as if no debug info
blk.lib(fbxalloc.cxx.obj) : warning LNK4099: PDB '' was not found with 'blk.lib(fbxalloc.cxx.obj)' or at ''; linking object as if no debug info
blk.lib(fbxaffinematrix.cxx.obj) : warning LNK4099: PDB '' was not found with 'blk.lib(fbxaffinematrix.cxx.obj)' or at ''; linking object as if no debug info
blk.lib(fbxstring.cxx.obj) : warning LNK4099: PDB '' was not found with 'blk.lib(fbxstring.cxx.obj)' or at ''; linking object as if no debug info
blk.lib(fbxskin.cxx.obj) : warning LNK4099: PDB '' was not found with 'blk.lib(fbxskin.cxx.obj)' or at ''; linking object as if no debug info
blk.lib(fbxgeometry.cxx.obj) : warning LNK4099: PDB '' was not found with 'blk.lib(fbxgeometry.cxx.obj)' or at ''; linking object as if no debug info
blk.lib(fbximporter.cxx.obj) : warning LNK4099: PDB '' was not found with 'blk.lib(fbximporter.cxx.obj)' or at ''; linking object as if no debug info
blk.lib(fbxpropertytypes.cxx.obj) : warning LNK4099: PDB '' was not found with 'blk.lib(fbxpropertytypes.cxx.obj)' or at ''; linking object as if no debug info
blk.lib(fbxvector4.cxx.obj) : warning LNK4099: PDB '' was not found with 'blk.lib(fbxvector4.cxx.obj)' or at ''; linking object as if no debug info
blk.lib(fbxscene.cxx.obj) : warning LNK4099: PDB '' was not found with 'blk.lib(fbxscene.cxx.obj)' or at ''; linking object as if no debug info
blk.lib(fbxmanager.cxx.obj) : warning LNK4099: PDB '' was not found with 'blk.lib(fbxmanager.cxx.obj)' or at ''; linking object as if no debug info
blk.lib(fbxiosettings.cxx.obj) : warning LNK4099: PDB '' was not found with 'blk.lib(fbxiosettings.cxx.obj)' or at ''; linking object as if no debug info
blk.lib(fbxvector2.cxx.obj) : warning LNK4099: PDB '' was not found with 'blk.lib(fbxvector2.cxx.obj)' or at ''; linking object as if no debug info
blk.lib(fbxgeometrybase.cxx.obj) : warning LNK4099: PDB '' was not found with 'blk.lib(fbxgeometrybase.cxx.obj)' or at ''; linking object as if no debug info
blk.lib(fbxlayer.cxx.obj) : warning LNK4099: PDB '' was not found with 'blk.lib(fbxlayer.cxx.obj)' or at ''; linking object as if no debug info
blk.lib(fbxnode.cxx.obj) : warning LNK4099: PDB '' was not found with 'blk.lib(fbxnode.cxx.obj)' or at ''; linking object as if no debug info
blk.lib(fbxcluster.cxx.obj) : warning LNK4099: PDB '' was not found with 'blk.lib(fbxcluster.cxx.obj)' or at ''; linking object as if no debug info
blk.lib(fbxobject.cxx.obj) : warning LNK4099: PDB '' was not found with 'blk.lib(fbxobject.cxx.obj)' or at ''; linking object as if no debug info
blk.lib(fl_shortcut.obj) : warning LNK4099: PDB '' was not found with 'blk.lib(fl_shortcut.obj)' or at ''; linking object as if no debug info
blk.lib(Fl_Menu_.obj) : warning LNK4099: PDB '' was not found with 'blk.lib(Fl_Menu_.obj)' or at ''; linking object as if no debug info
blk.lib(fl_utf8.obj) : warning LNK4099: PDB '' was not found with 'blk.lib(fl_utf8.obj)' or at ''; linking object as if no debug info
blk.lib(fl_round_box.obj) : warning LNK4099: PDB '' was not found with 'blk.lib(fl_round_box.obj)' or at ''; linking object as if no debug info
blk.lib(fl_color.obj) : warning LNK4099: PDB '' was not found with 'blk.lib(fl_color.obj)' or at ''; linking object as if no debug info
blk.lib(Fl_grab.obj) : warning LNK4099: PDB '' was not found with 'blk.lib(Fl_grab.obj)' or at ''; linking object as if no debug info
blk.lib(screen_xywh.obj) : warning LNK4099: PDB '' was not found with 'blk.lib(screen_xywh.obj)' or at ''; linking object as if no debug info
blk.lib(fl_boxtype.obj) : warning LNK4099: PDB '' was not found with 'blk.lib(fl_boxtype.obj)' or at ''; linking object as if no debug info
blk.lib(fl_labeltype.obj) : warning LNK4099: PDB '' was not found with 'blk.lib(fl_labeltype.obj)' or at ''; linking object as if no debug info
blk.lib(Fl_Menu_Window.obj) : warning LNK4099: PDB '' was not found with 'blk.lib(Fl_Menu_Window.obj)' or at ''; linking object as if no debug info
blk.lib(fl_draw.obj) : warning LNK4099: PDB '' was not found with 'blk.lib(fl_draw.obj)' or at ''; linking object as if no debug info
blk.lib(Fl_Widget.obj) : warning LNK4099: PDB '' was not found with 'blk.lib(Fl_Widget.obj)' or at ''; linking object as if no debug info
blk.lib(Fl_get_system_colors.obj) : warning LNK4099: PDB '' was not found with 'blk.lib(Fl_get_system_colors.obj)' or at ''; linking object as if no debug info
blk.lib(fl_utf.obj) : warning LNK4099: PDB '' was not found with 'blk.lib(fl_utf.obj)' or at ''; linking object as if no debug info
blk.lib(Fl_lock.obj) : warning LNK4099: PDB '' was not found with 'blk.lib(Fl_lock.obj)' or at ''; linking object as if no debug info
blk.lib(Fl_compose.obj) : warning LNK4099: PDB '' was not found with 'blk.lib(Fl_compose.obj)' or at ''; linking object as if no debug info
blk.lib(Fl_Image.obj) : warning LNK4099: PDB '' was not found with 'blk.lib(Fl_Image.obj)' or at ''; linking object as if no debug info
blk.lib(Fl_Tooltip.obj) : warning LNK4099: PDB '' was not found with 'blk.lib(Fl_Tooltip.obj)' or at ''; linking object as if no debug info
blk.lib(Fl_Double_Window.obj) : warning LNK4099: PDB '' was not found with 'blk.lib(Fl_Double_Window.obj)' or at ''; linking object as if no debug info
blk.lib(Fl_Preferences.obj) : warning LNK4099: PDB '' was not found with 'blk.lib(Fl_Preferences.obj)' or at ''; linking object as if no debug info
blk.lib(fl_rect.obj) : warning LNK4099: PDB '' was not found with 'blk.lib(fl_rect.obj)' or at ''; linking object as if no debug info
blk.lib(fl_read_image.obj) : warning LNK4099: PDB '' was not found with 'blk.lib(fl_read_image.obj)' or at ''; linking object as if no debug info
blk.lib(Fl_abort.obj) : warning LNK4099: PDB '' was not found with 'blk.lib(Fl_abort.obj)' or at ''; linking object as if no debug info
blk.lib(Fl_Window_fullscreen.obj) : warning LNK4099: PDB '' was not found with 'blk.lib(Fl_Window_fullscreen.obj)' or at ''; linking object as if no debug info
blk.lib(fl_dnd.obj) : warning LNK4099: PDB '' was not found with 'blk.lib(fl_dnd.obj)' or at ''; linking object as if no debug info
blk.lib(Fl_Bitmap.obj) : warning LNK4099: PDB '' was not found with 'blk.lib(Fl_Bitmap.obj)' or at ''; linking object as if no debug info
blk.lib(Fl_Browser_.obj) : warning LNK4099: PDB '' was not found with 'blk.lib(Fl_Browser_.obj)' or at ''; linking object as if no debug info
blk.lib(Fl_Tabs.obj) : warning LNK4099: PDB '' was not found with 'blk.lib(Fl_Tabs.obj)' or at ''; linking object as if no debug info
blk.lib(Fl_Browser.obj) : warning LNK4099: PDB '' was not found with 'blk.lib(Fl_Browser.obj)' or at ''; linking object as if no debug info
blk.lib(Fl_Menu_Button.obj) : warning LNK4099: PDB '' was not found with 'blk.lib(Fl_Menu_Button.obj)' or at ''; linking object as if no debug info
blk.lib(Fl_Repeat_Button.obj) : warning LNK4099: PDB '' was not found with 'blk.lib(Fl_Repeat_Button.obj)' or at ''; linking object as if no debug info
blk.lib(fl_line_style.obj) : warning LNK4099: PDB '' was not found with 'blk.lib(fl_line_style.obj)' or at ''; linking object as if no debug info
blk.lib(fl_vertex.obj) : warning LNK4099: PDB '' was not found with 'blk.lib(fl_vertex.obj)' or at ''; linking object as if no debug info
blk.lib(fl_curve.obj) : warning LNK4099: PDB '' was not found with 'blk.lib(fl_curve.obj)' or at ''; linking object as if no debug info
blk.lib(fl_arc.obj) : warning LNK4099: PDB '' was not found with 'blk.lib(fl_arc.obj)' or at ''; linking object as if no debug info
blk.lib(fl_arci.obj) : warning LNK4099: PDB '' was not found with 'blk.lib(fl_arci.obj)' or at ''; linking object as if no debug info
blk.lib(Fl_Pixmap.obj) : warning LNK4099: PDB '' was not found with 'blk.lib(Fl_Pixmap.obj)' or at ''; linking object as if no debug info
blk.lib(fl_draw_image.obj) : warning LNK4099: PDB '' was not found with 'blk.lib(fl_draw_image.obj)' or at ''; linking object as if no debug info
blk.lib(fl_cursor.obj) : warning LNK4099: PDB '' was not found with 'blk.lib(fl_cursor.obj)' or at ''; linking object as if no debug info
blk.lib(vsnprintf.obj) : warning LNK4099: PDB '' was not found with 'blk.lib(vsnprintf.obj)' or at ''; linking object as if no debug info
blk.lib(Fl_Box.obj) : warning LNK4099: PDB '' was not found with 'blk.lib(Fl_Box.obj)' or at ''; linking object as if no debug info
blk.lib(Fl_Return_Button.obj) : warning LNK4099: PDB '' was not found with 'blk.lib(Fl_Return_Button.obj)' or at ''; linking object as if no debug info
blk.lib(Fl_Window_hotspot.obj) : warning LNK4099: PDB '' was not found with 'blk.lib(Fl_Window_hotspot.obj)' or at ''; linking object as if no debug info
blk.lib(Fl_Slider.obj) : warning LNK4099: PDB '' was not found with 'blk.lib(Fl_Slider.obj)' or at ''; linking object as if no debug info
blk.lib(Fl_Scrollbar.obj) : warning LNK4099: PDB '' was not found with 'blk.lib(Fl_Scrollbar.obj)' or at ''; linking object as if no debug info
blk.lib(numericsort.obj) : warning LNK4099: PDB '' was not found with 'blk.lib(numericsort.obj)' or at ''; linking object as if no debug info
blk.lib(Fl_File_Icon.obj) : warning LNK4099: PDB '' was not found with 'blk.lib(Fl_File_Icon.obj)' or at ''; linking object as if no debug info
blk.lib(filename_expand.obj) : warning LNK4099: PDB '' was not found with 'blk.lib(filename_expand.obj)' or at ''; linking object as if no debug info
blk.lib(filename_absolute.obj) : warning LNK4099: PDB '' was not found with 'blk.lib(filename_absolute.obj)' or at ''; linking object as if no debug info
blk.lib(filename_isdir.obj) : warning LNK4099: PDB '' was not found with 'blk.lib(filename_isdir.obj)' or at ''; linking object as if no debug info
blk.lib(Fl_File_Browser.obj) : warning LNK4099: PDB '' was not found with 'blk.lib(Fl_File_Browser.obj)' or at ''; linking object as if no debug info
blk.lib(Fl_File_Input.obj) : warning LNK4099: PDB '' was not found with 'blk.lib(Fl_File_Input.obj)' or at ''; linking object as if no debug info
blk.lib(Fl_Shared_Image.obj) : warning LNK4099: PDB '' was not found with 'blk.lib(Fl_Shared_Image.obj)' or at ''; linking object as if no debug info
blk.lib(flstring.obj) : warning LNK4099: PDB '' was not found with 'blk.lib(flstring.obj)' or at ''; linking object as if no debug info
blk.lib(Fl_Tile.obj) : warning LNK4099: PDB '' was not found with 'blk.lib(Fl_Tile.obj)' or at ''; linking object as if no debug info
blk.lib(Fl_Check_Button.obj) : warning LNK4099: PDB '' was not found with 'blk.lib(Fl_Check_Button.obj)' or at ''; linking object as if no debug info
blk.lib(Fl_Scroll.obj) : warning LNK4099: PDB '' was not found with 'blk.lib(Fl_Scroll.obj)' or at ''; linking object as if no debug info
blk.lib(fbxmath.cxx.obj) : warning LNK4099: PDB '' was not found with 'blk.lib(fbxmath.cxx.obj)' or at ''; linking object as if no debug info
blk.lib(fbxquaternion.cxx.obj) : warning LNK4099: PDB '' was not found with 'blk.lib(fbxquaternion.cxx.obj)' or at ''; linking object as if no debug info
blk.lib(fbxclassid.cxx.obj) : warning LNK4099: PDB '' was not found with 'blk.lib(fbxclassid.cxx.obj)' or at ''; linking object as if no debug info
blk.lib(fbxquery.cxx.obj) : warning LNK4099: PDB '' was not found with 'blk.lib(fbxquery.cxx.obj)' or at ''; linking object as if no debug info
blk.lib(fbxemitter.cxx.obj) : warning LNK4099: PDB '' was not found with 'blk.lib(fbxemitter.cxx.obj)' or at ''; linking object as if no debug info
blk.lib(fbxproperty.cxx.obj) : warning LNK4099: PDB '' was not found with 'blk.lib(fbxproperty.cxx.obj)' or at ''; linking object as if no debug info
blk.lib(fbxstringlist.cxx.obj) : warning LNK4099: PDB '' was not found with 'blk.lib(fbxstringlist.cxx.obj)' or at ''; linking object as if no debug info
blk.lib(fbxnamehandler.cxx.obj) : warning LNK4099: PDB '' was not found with 'blk.lib(fbxnamehandler.cxx.obj)' or at ''; linking object as if no debug info
blk.lib(fbxdeformer.cxx.obj) : warning LNK4099: PDB '' was not found with 'blk.lib(fbxdeformer.cxx.obj)' or at ''; linking object as if no debug info
blk.lib(fbxclonemanager.cxx.obj) : warning LNK4099: PDB '' was not found with 'blk.lib(fbxclonemanager.cxx.obj)' or at ''; linking object as if no debug info
blk.lib(fbxpropertyhandle.cxx.obj) : warning LNK4099: PDB '' was not found with 'blk.lib(fbxpropertyhandle.cxx.obj)' or at ''; linking object as if no debug info
blk.lib(fbxstatus.cxx.obj) : warning LNK4099: PDB '' was not found with 'blk.lib(fbxstatus.cxx.obj)' or at ''; linking object as if no debug info
blk.lib(fbxnodeattribute.cxx.obj) : warning LNK4099: PDB '' was not found with 'blk.lib(fbxnodeattribute.cxx.obj)' or at ''; linking object as if no debug info
blk.lib(fbxlayercontainer.cxx.obj) : warning LNK4099: PDB '' was not found with 'blk.lib(fbxlayercontainer.cxx.obj)' or at ''; linking object as if no debug info
blk.lib(fbxshape.cxx.obj) : warning LNK4099: PDB '' was not found with 'blk.lib(fbxshape.cxx.obj)' or at ''; linking object as if no debug info
blk.lib(fbxblendshape.cxx.obj) : warning LNK4099: PDB '' was not found with 'blk.lib(fbxblendshape.cxx.obj)' or at ''; linking object as if no debug info
blk.lib(fbxblendshapechannel.cxx.obj) : warning LNK4099: PDB '' was not found with 'blk.lib(fbxblendshapechannel.cxx.obj)' or at ''; linking object as if no debug info
blk.lib(fbxanimcurvenode.cxx.obj) : warning LNK4099: PDB '' was not found with 'blk.lib(fbxanimcurvenode.cxx.obj)' or at ''; linking object as if no debug info
blk.lib(fbxdatatypes.cxx.obj) : warning LNK4099: PDB '' was not found with 'blk.lib(fbxdatatypes.cxx.obj)' or at ''; linking object as if no debug info
blk.lib(fbxgeometryweightedmap.cxx.obj) : warning LNK4099: PDB '' was not found with 'blk.lib(fbxgeometryweightedmap.cxx.obj)' or at ''; linking object as if no debug info
blk.lib(fbxanimstack.cxx.obj) : warning LNK4099: PDB '' was not found with 'blk.lib(fbxanimstack.cxx.obj)' or at ''; linking object as if no debug info
blk.lib(fbxanimlayer.cxx.obj) : warning LNK4099: PDB '' was not found with 'blk.lib(fbxanimlayer.cxx.obj)' or at ''; linking object as if no debug info
blk.lib(fbxsystemunit.cxx.obj) : warning LNK4099: PDB '' was not found with 'blk.lib(fbxsystemunit.cxx.obj)' or at ''; linking object as if no debug info
blk.lib(fbxutils.cxx.obj) : warning LNK4099: PDB '' was not found with 'blk.lib(fbxutils.cxx.obj)' or at ''; linking object as if no debug info
blk.lib(fbxthread.cxx.obj) : warning LNK4099: PDB '' was not found with 'blk.lib(fbxthread.cxx.obj)' or at ''; linking object as if no debug info
blk.lib(fbxtakeinfo.cxx.obj) : warning LNK4099: PDB '' was not found with 'blk.lib(fbxtakeinfo.cxx.obj)' or at ''; linking object as if no debug info
blk.lib(fbxdocumentinfo.cxx.obj) : warning LNK4099: PDB '' was not found with 'blk.lib(fbxdocumentinfo.cxx.obj)' or at ''; linking object as if no debug info
blk.lib(fbxdocument.cxx.obj) : warning LNK4099: PDB '' was not found with 'blk.lib(fbxdocument.cxx.obj)' or at ''; linking object as if no debug info
blk.lib(fbxaxissystem.cxx.obj) : warning LNK4099: PDB '' was not found with 'blk.lib(fbxaxissystem.cxx.obj)' or at ''; linking object as if no debug info
blk.lib(fbxio.cxx.obj) : warning LNK4099: PDB '' was not found with 'blk.lib(fbxio.cxx.obj)' or at ''; linking object as if no debug info
blk.lib(fbxiopluginregistry.cxx.obj) : warning LNK4099: PDB '' was not found with 'blk.lib(fbxiopluginregistry.cxx.obj)' or at ''; linking object as if no debug info
blk.lib(fbxiobase.cxx.obj) : warning LNK4099: PDB '' was not found with 'blk.lib(fbxiobase.cxx.obj)' or at ''; linking object as if no debug info
blk.lib(fbxprogress.cxx.obj) : warning LNK4099: PDB '' was not found with 'blk.lib(fbxprogress.cxx.obj)' or at ''; linking object as if no debug info
blk.lib(fbxstatistics.cxx.obj) : warning LNK4099: PDB '' was not found with 'blk.lib(fbxstatistics.cxx.obj)' or at ''; linking object as if no debug info
blk.lib(fbxreaderfbx5.cxx.obj) : warning LNK4099: PDB '' was not found with 'blk.lib(fbxreaderfbx5.cxx.obj)' or at ''; linking object as if no debug info
blk.lib(fbxgloballightsettings.cxx.obj) : warning LNK4099: PDB '' was not found with 'blk.lib(fbxgloballightsettings.cxx.obj)' or at ''; linking object as if no debug info
blk.lib(fbxglobalcamerasettings.cxx.obj) : warning LNK4099: PDB '' was not found with 'blk.lib(fbxglobalcamerasettings.cxx.obj)' or at ''; linking object as if no debug info
blk.lib(fbxglobalsettings.cxx.obj) : warning LNK4099: PDB '' was not found with 'blk.lib(fbxglobalsettings.cxx.obj)' or at ''; linking object as if no debug info
blk.lib(fbxmultimap.cxx.obj) : warning LNK4099: PDB '' was not found with 'blk.lib(fbxmultimap.cxx.obj)' or at ''; linking object as if no debug info
blk.lib(fbxcharptrset.cxx.obj) : warning LNK4099: PDB '' was not found with 'blk.lib(fbxcharptrset.cxx.obj)' or at ''; linking object as if no debug info
blk.lib(fbxcollection.cxx.obj) : warning LNK4099: PDB '' was not found with 'blk.lib(fbxcollection.cxx.obj)' or at ''; linking object as if no debug info
blk.lib(fbxanimevaluator.cxx.obj) : warning LNK4099: PDB '' was not found with 'blk.lib(fbxanimevaluator.cxx.obj)' or at ''; linking object as if no debug info
blk.lib(fbxanimevalclassic.cxx.obj) : warning LNK4099: PDB '' was not found with 'blk.lib(fbxanimevalclassic.cxx.obj)' or at ''; linking object as if no debug info
blk.lib(fbxanimcurvefilter.cxx.obj) : warning LNK4099: PDB '' was not found with 'blk.lib(fbxanimcurvefilter.cxx.obj)' or at ''; linking object as if no debug info
blk.lib(fbxanimcurvefilterconstkeyredu.cxx.obj) : warning LNK4099: PDB '' was not found with 'blk.lib(fbxanimcurvefilterconstkeyredu.cxx.obj)' or at ''; linking object as if no debug info
blk.lib(fbxanimcurvefilterscalecompensate.cxx.obj) : warning LNK4099: PDB '' was not found with 'blk.lib(fbxanimcurvefilterscalecompensate.cxx.obj)' or at ''; linking object as if no debug info
blk.lib(fbxanimcurvefilterscale.cxx.obj) : warning LNK4099: PDB '' was not found with 'blk.lib(fbxanimcurvefilterscale.cxx.obj)' or at ''; linking object as if no debug info
blk.lib(fbxcharacter.cxx.obj) : warning LNK4099: PDB '' was not found with 'blk.lib(fbxcharacter.cxx.obj)' or at ''; linking object as if no debug info
blk.lib(fbxcontrolset.cxx.obj) : warning LNK4099: PDB '' was not found with 'blk.lib(fbxcontrolset.cxx.obj)' or at ''; linking object as if no debug info
blk.lib(fbxcharacterpose.cxx.obj) : warning LNK4099: PDB '' was not found with 'blk.lib(fbxcharacterpose.cxx.obj)' or at ''; linking object as if no debug info
blk.lib(fbxnurbssurface.cxx.obj) : warning LNK4099: PDB '' was not found with 'blk.lib(fbxnurbssurface.cxx.obj)' or at ''; linking object as if no debug info
blk.lib(fbxmesh.cxx.obj) : warning LNK4099: PDB '' was not found with 'blk.lib(fbxmesh.cxx.obj)' or at ''; linking object as if no debug info
blk.lib(fbxgeometryconverter.cxx.obj) : warning LNK4099: PDB '' was not found with 'blk.lib(fbxgeometryconverter.cxx.obj)' or at ''; linking object as if no debug info
blk.lib(fbxpose.cxx.obj) : warning LNK4099: PDB '' was not found with 'blk.lib(fbxpose.cxx.obj)' or at ''; linking object as if no debug info
blk.lib(fbxvideo.cxx.obj) : warning LNK4099: PDB '' was not found with 'blk.lib(fbxvideo.cxx.obj)' or at ''; linking object as if no debug info
blk.lib(fbxsurfacematerial.cxx.obj) : warning LNK4099: PDB '' was not found with 'blk.lib(fbxsurfacematerial.cxx.obj)' or at ''; linking object as if no debug info
blk.lib(fbxtexture.cxx.obj) : warning LNK4099: PDB '' was not found with 'blk.lib(fbxtexture.cxx.obj)' or at ''; linking object as if no debug info
blk.lib(fbxline.cxx.obj) : warning LNK4099: PDB '' was not found with 'blk.lib(fbxline.cxx.obj)' or at ''; linking object as if no debug info
blk.lib(fbxnurbscurve.cxx.obj) : warning LNK4099: PDB '' was not found with 'blk.lib(fbxnurbscurve.cxx.obj)' or at ''; linking object as if no debug info
blk.lib(fbxtrimnurbssurface.cxx.obj) : warning LNK4099: PDB '' was not found with 'blk.lib(fbxtrimnurbssurface.cxx.obj)' or at ''; linking object as if no debug info
blk.lib(fbxsubdiv.cxx.obj) : warning LNK4099: PDB '' was not found with 'blk.lib(fbxsubdiv.cxx.obj)' or at ''; linking object as if no debug info
blk.lib(fbxcachedeffect.cxx.obj) : warning LNK4099: PDB '' was not found with 'blk.lib(fbxcachedeffect.cxx.obj)' or at ''; linking object as if no debug info
blk.lib(fbxlight.cxx.obj) : warning LNK4099: PDB '' was not found with 'blk.lib(fbxlight.cxx.obj)' or at ''; linking object as if no debug info
blk.lib(fbxgenericnode.cxx.obj) : warning LNK4099: PDB '' was not found with 'blk.lib(fbxgenericnode.cxx.obj)' or at ''; linking object as if no debug info
blk.lib(fbxnull.cxx.obj) : warning LNK4099: PDB '' was not found with 'blk.lib(fbxnull.cxx.obj)' or at ''; linking object as if no debug info
blk.lib(fbxmarker.cxx.obj) : warning LNK4099: PDB '' was not found with 'blk.lib(fbxmarker.cxx.obj)' or at ''; linking object as if no debug info
blk.lib(fbxskeleton.cxx.obj) : warning LNK4099: PDB '' was not found with 'blk.lib(fbxskeleton.cxx.obj)' or at ''; linking object as if no debug info
blk.lib(fbxnurbs.cxx.obj) : warning LNK4099: PDB '' was not found with 'blk.lib(fbxnurbs.cxx.obj)' or at ''; linking object as if no debug info
blk.lib(fbxpatch.cxx.obj) : warning LNK4099: PDB '' was not found with 'blk.lib(fbxpatch.cxx.obj)' or at ''; linking object as if no debug info
blk.lib(fbxcamera.cxx.obj) : warning LNK4099: PDB '' was not found with 'blk.lib(fbxcamera.cxx.obj)' or at ''; linking object as if no debug info
blk.lib(fbxcamerastereo.cxx.obj) : warning LNK4099: PDB '' was not found with 'blk.lib(fbxcamerastereo.cxx.obj)' or at ''; linking object as if no debug info
blk.lib(fbxcameraswitcher.cxx.obj) : warning LNK4099: PDB '' was not found with 'blk.lib(fbxcameraswitcher.cxx.obj)' or at ''; linking object as if no debug info
blk.lib(fbxopticalreference.cxx.obj) : warning LNK4099: PDB '' was not found with 'blk.lib(fbxopticalreference.cxx.obj)' or at ''; linking object as if no debug info
blk.lib(fbxlodgroup.cxx.obj) : warning LNK4099: PDB '' was not found with 'blk.lib(fbxlodgroup.cxx.obj)' or at ''; linking object as if no debug info
blk.lib(parser.c.obj) : warning LNK4099: PDB '' was not found with 'blk.lib(parser.c.obj)' or at ''; linking object as if no debug info
blk.lib(fbxtime.cxx.obj) : warning LNK4099: PDB '' was not found with 'blk.lib(fbxtime.cxx.obj)' or at ''; linking object as if no debug info
blk.lib(fbxmatrix.cxx.obj) : warning LNK4099: PDB '' was not found with 'blk.lib(fbxmatrix.cxx.obj)' or at ''; linking object as if no debug info
blk.lib(fbxplugin.cxx.obj) : warning LNK4099: PDB '' was not found with 'blk.lib(fbxplugin.cxx.obj)' or at ''; linking object as if no debug info
blk.lib(fbxplugincontainer.cxx.obj) : warning LNK4099: PDB '' was not found with 'blk.lib(fbxplugincontainer.cxx.obj)' or at ''; linking object as if no debug info
blk.lib(fbxloadingstrategy.cxx.obj) : warning LNK4099: PDB '' was not found with 'blk.lib(fbxloadingstrategy.cxx.obj)' or at ''; linking object as if no debug info
blk.lib(fbxsymbol.cxx.obj) : warning LNK4099: PDB '' was not found with 'blk.lib(fbxsymbol.cxx.obj)' or at ''; linking object as if no debug info
blk.lib(fbxscopedloadingdirectory.cxx.obj) : warning LNK4099: PDB '' was not found with 'blk.lib(fbxscopedloadingdirectory.cxx.obj)' or at ''; linking object as if no debug info
blk.lib(fbxscopedloadingfilename.cxx.obj) : warning LNK4099: PDB '' was not found with 'blk.lib(fbxscopedloadingfilename.cxx.obj)' or at ''; linking object as if no debug info
blk.lib(fbxxref.cxx.obj) : warning LNK4099: PDB '' was not found with 'blk.lib(fbxxref.cxx.obj)' or at ''; linking object as if no debug info
blk.lib(fbxexporter.cxx.obj) : warning LNK4099: PDB '' was not found with 'blk.lib(fbxexporter.cxx.obj)' or at ''; linking object as if no debug info
blk.lib(fbxcallbacks.cxx.obj) : warning LNK4099: PDB '' was not found with 'blk.lib(fbxcallbacks.cxx.obj)' or at ''; linking object as if no debug info
blk.lib(fbxaudio.cxx.obj) : warning LNK4099: PDB '' was not found with 'blk.lib(fbxaudio.cxx.obj)' or at ''; linking object as if no debug info
blk.lib(fbxaudiolayer.cxx.obj) : warning LNK4099: PDB '' was not found with 'blk.lib(fbxaudiolayer.cxx.obj)' or at ''; linking object as if no debug info
blk.lib(fbxcollectionexclusive.cxx.obj) : warning LNK4099: PDB '' was not found with 'blk.lib(fbxcollectionexclusive.cxx.obj)' or at ''; linking object as if no debug info
blk.lib(fbxcontainertemplate.cxx.obj) : warning LNK4099: PDB '' was not found with 'blk.lib(fbxcontainertemplate.cxx.obj)' or at ''; linking object as if no debug info
blk.lib(fbxcontainer.cxx.obj) : warning LNK4099: PDB '' was not found with 'blk.lib(fbxcontainer.cxx.obj)' or at ''; linking object as if no debug info
blk.lib(fbxdisplaylayer.cxx.obj) : warning LNK4099: PDB '' was not found with 'blk.lib(fbxdisplaylayer.cxx.obj)' or at ''; linking object as if no debug info
blk.lib(fbxenvironment.cxx.obj) : warning LNK4099: PDB '' was not found with 'blk.lib(fbxenvironment.cxx.obj)' or at ''; linking object as if no debug info
blk.lib(fbxlibrary.cxx.obj) : warning LNK4099: PDB '' was not found with 'blk.lib(fbxlibrary.cxx.obj)' or at ''; linking object as if no debug info
blk.lib(fbxobjectmetadata.cxx.obj) : warning LNK4099: PDB '' was not found with 'blk.lib(fbxobjectmetadata.cxx.obj)' or at ''; linking object as if no debug info
blk.lib(fbxreference.cxx.obj) : warning LNK4099: PDB '' was not found with 'blk.lib(fbxreference.cxx.obj)' or at ''; linking object as if no debug info
blk.lib(fbxselectionnode.cxx.obj) : warning LNK4099: PDB '' was not found with 'blk.lib(fbxselectionnode.cxx.obj)' or at ''; linking object as if no debug info
blk.lib(fbxselectionset.cxx.obj) : warning LNK4099: PDB '' was not found with 'blk.lib(fbxselectionset.cxx.obj)' or at ''; linking object as if no debug info
blk.lib(fbxthumbnail.cxx.obj) : warning LNK4099: PDB '' was not found with 'blk.lib(fbxthumbnail.cxx.obj)' or at ''; linking object as if no debug info
blk.lib(fbxanimcurve.cxx.obj) : warning LNK4099: PDB '' was not found with 'blk.lib(fbxanimcurve.cxx.obj)' or at ''; linking object as if no debug info
blk.lib(fbxconstraint.cxx.obj) : warning LNK4099: PDB '' was not found with 'blk.lib(fbxconstraint.cxx.obj)' or at ''; linking object as if no debug info
blk.lib(fbxconstraintaim.cxx.obj) : warning LNK4099: PDB '' was not found with 'blk.lib(fbxconstraintaim.cxx.obj)' or at ''; linking object as if no debug info
blk.lib(fbxconstraintcustom.cxx.obj) : warning LNK4099: PDB '' was not found with 'blk.lib(fbxconstraintcustom.cxx.obj)' or at ''; linking object as if no debug info
blk.lib(fbxconstraintparent.cxx.obj) : warning LNK4099: PDB '' was not found with 'blk.lib(fbxconstraintparent.cxx.obj)' or at ''; linking object as if no debug info
blk.lib(fbxconstraintposition.cxx.obj) : warning LNK4099: PDB '' was not found with 'blk.lib(fbxconstraintposition.cxx.obj)' or at ''; linking object as if no debug info
blk.lib(fbxconstraintrotation.cxx.obj) : warning LNK4099: PDB '' was not found with 'blk.lib(fbxconstraintrotation.cxx.obj)' or at ''; linking object as if no debug info
blk.lib(fbxconstraintscale.cxx.obj) : warning LNK4099: PDB '' was not found with 'blk.lib(fbxconstraintscale.cxx.obj)' or at ''; linking object as if no debug info
blk.lib(fbxconstraintsinglechainik.cxx.obj) : warning LNK4099: PDB '' was not found with 'blk.lib(fbxconstraintsinglechainik.cxx.obj)' or at ''; linking object as if no debug info
blk.lib(fbxsubdeformer.cxx.obj) : warning LNK4099: PDB '' was not found with 'blk.lib(fbxsubdeformer.cxx.obj)' or at ''; linking object as if no debug info
blk.lib(fbxcache.cxx.obj) : warning LNK4099: PDB '' was not found with 'blk.lib(fbxcache.cxx.obj)' or at ''; linking object as if no debug info
blk.lib(fbxproceduralgeometry.cxx.obj) : warning LNK4099: PDB '' was not found with 'blk.lib(fbxproceduralgeometry.cxx.obj)' or at ''; linking object as if no debug info
blk.lib(fbxvertexcachedeformer.cxx.obj) : warning LNK4099: PDB '' was not found with 'blk.lib(fbxvertexcachedeformer.cxx.obj)' or at ''; linking object as if no debug info
blk.lib(fbxbindingtable.cxx.obj) : warning LNK4099: PDB '' was not found with 'blk.lib(fbxbindingtable.cxx.obj)' or at ''; linking object as if no debug info
blk.lib(fbxbindingoperator.cxx.obj) : warning LNK4099: PDB '' was not found with 'blk.lib(fbxbindingoperator.cxx.obj)' or at ''; linking object as if no debug info
blk.lib(fbxfiletexture.cxx.obj) : warning LNK4099: PDB '' was not found with 'blk.lib(fbxfiletexture.cxx.obj)' or at ''; linking object as if no debug info
blk.lib(fbximplementation.cxx.obj) : warning LNK4099: PDB '' was not found with 'blk.lib(fbximplementation.cxx.obj)' or at ''; linking object as if no debug info
blk.lib(fbxlayeredtexture.cxx.obj) : warning LNK4099: PDB '' was not found with 'blk.lib(fbxlayeredtexture.cxx.obj)' or at ''; linking object as if no debug info
blk.lib(fbxproceduraltexture.cxx.obj) : warning LNK4099: PDB '' was not found with 'blk.lib(fbxproceduraltexture.cxx.obj)' or at ''; linking object as if no debug info
blk.lib(fbxsurfacelambert.cxx.obj) : warning LNK4099: PDB '' was not found with 'blk.lib(fbxsurfacelambert.cxx.obj)' or at ''; linking object as if no debug info
blk.lib(fbxsurfacephong.cxx.obj) : warning LNK4099: PDB '' was not found with 'blk.lib(fbxsurfacephong.cxx.obj)' or at ''; linking object as if no debug info
blk.lib(fbxprocessor.cxx.obj) : warning LNK4099: PDB '' was not found with 'blk.lib(fbxprocessor.cxx.obj)' or at ''; linking object as if no debug info
blk.lib(fbxprocessorxref.cxx.obj) : warning LNK4099: PDB '' was not found with 'blk.lib(fbxprocessorxref.cxx.obj)' or at ''; linking object as if no debug info
blk.lib(fbxprocessorxrefuserlib.cxx.obj) : warning LNK4099: PDB '' was not found with 'blk.lib(fbxprocessorxrefuserlib.cxx.obj)' or at ''; linking object as if no debug info
blk.lib(fbxprocessorshaderdependency.cxx.obj) : warning LNK4099: PDB '' was not found with 'blk.lib(fbxprocessorshaderdependency.cxx.obj)' or at ''; linking object as if no debug info
blk.lib(fbxmanipulators.cxx.obj) : warning LNK4099: PDB '' was not found with 'blk.lib(fbxmanipulators.cxx.obj)' or at ''; linking object as if no debug info
blk.lib(fbxusernotification.cxx.obj) : warning LNK4099: PDB '' was not found with 'blk.lib(fbxusernotification.cxx.obj)' or at ''; linking object as if no debug info
blk.lib(fbxalembicinterface.cxx.obj) : warning LNK4099: PDB '' was not found with 'blk.lib(fbxalembicinterface.cxx.obj)' or at ''; linking object as if no debug info
blk.lib(kfcurve.cxx.obj) : warning LNK4099: PDB '' was not found with 'blk.lib(kfcurve.cxx.obj)' or at ''; linking object as if no debug info
blk.lib(fbxanimcurvekfcurve.cxx.obj) : warning LNK4099: PDB '' was not found with 'blk.lib(fbxanimcurvekfcurve.cxx.obj)' or at ''; linking object as if no debug info
blk.lib(fbxlocale.cxx.obj) : warning LNK4099: PDB '' was not found with 'blk.lib(fbxlocale.cxx.obj)' or at ''; linking object as if no debug info
blk.lib(fbxmessage.cxx.obj) : warning LNK4099: PDB '' was not found with 'blk.lib(fbxmessage.cxx.obj)' or at ''; linking object as if no debug info
blk.lib(fbxlog.cxx.obj) : warning LNK4099: PDB '' was not found with 'blk.lib(fbxlog.cxx.obj)' or at ''; linking object as if no debug info
blk.lib(fbxperipheral.cxx.obj) : warning LNK4099: PDB '' was not found with 'blk.lib(fbxperipheral.cxx.obj)' or at ''; linking object as if no debug info
blk.lib(fbxmediaclip.cxx.obj) : warning LNK4099: PDB '' was not found with 'blk.lib(fbxmediaclip.cxx.obj)' or at ''; linking object as if no debug info
blk.lib(fbxanimcurvebase.cxx.obj) : warning LNK4099: PDB '' was not found with 'blk.lib(fbxanimcurvebase.cxx.obj)' or at ''; linking object as if no debug info
blk.lib(fbxbindingtablebase.cxx.obj) : warning LNK4099: PDB '' was not found with 'blk.lib(fbxbindingtablebase.cxx.obj)' or at ''; linking object as if no debug info
blk.lib(fbxfile.cxx.obj) : warning LNK4099: PDB '' was not found with 'blk.lib(fbxfile.cxx.obj)' or at ''; linking object as if no debug info
blk.lib(xmlstring.c.obj) : warning LNK4099: PDB '' was not found with 'blk.lib(xmlstring.c.obj)' or at ''; linking object as if no debug info
blk.lib(tree.c.obj) : warning LNK4099: PDB '' was not found with 'blk.lib(tree.c.obj)' or at ''; linking object as if no debug info
blk.lib(xmlsave.c.obj) : warning LNK4099: PDB '' was not found with 'blk.lib(xmlsave.c.obj)' or at ''; linking object as if no debug info
blk.lib(globals.c.obj) : warning LNK4099: PDB '' was not found with 'blk.lib(globals.c.obj)' or at ''; linking object as if no debug info
blk.lib(fbxtransforms.cxx.obj) : warning LNK4099: PDB '' was not found with 'blk.lib(fbxtransforms.cxx.obj)' or at ''; linking object as if no debug info
blk.lib(fbxanimcurvefilterunroll.cxx.obj) : warning LNK4099: PDB '' was not found with 'blk.lib(fbxanimcurvefilterunroll.cxx.obj)' or at ''; linking object as if no debug info
blk.lib(fbxanimcurvefiltermatrixconverter.cxx.obj) : warning LNK4099: PDB '' was not found with 'blk.lib(fbxanimcurvefiltermatrixconverter.cxx.obj)' or at ''; linking object as if no debug info
blk.lib(fbxdeformationsevaluator.cxx.obj) : warning LNK4099: PDB '' was not found with 'blk.lib(fbxdeformationsevaluator.cxx.obj)' or at ''; linking object as if no debug info
blk.lib(fbxevents.cxx.obj) : warning LNK4099: PDB '' was not found with 'blk.lib(fbxevents.cxx.obj)' or at ''; linking object as if no debug info
blk.lib(case.obj) : warning LNK4099: PDB '' was not found with 'blk.lib(case.obj)' or at ''; linking object as if no debug info
blk.lib(is_spacing.obj) : warning LNK4099: PDB '' was not found with 'blk.lib(is_spacing.obj)' or at ''; linking object as if no debug info
blk.lib(Fl_Single_Window.obj) : warning LNK4099: PDB '' was not found with 'blk.lib(Fl_Single_Window.obj)' or at ''; linking object as if no debug info
blk.lib(fl_symbols.obj) : warning LNK4099: PDB '' was not found with 'blk.lib(fl_symbols.obj)' or at ''; linking object as if no debug info
blk.lib(fl_plastic.obj) : warning LNK4099: PDB '' was not found with 'blk.lib(fl_plastic.obj)' or at ''; linking object as if no debug info
blk.lib(fl_gtk.obj) : warning LNK4099: PDB '' was not found with 'blk.lib(fl_gtk.obj)' or at ''; linking object as if no debug info
blk.lib(fl_gleam.obj) : warning LNK4099: PDB '' was not found with 'blk.lib(fl_gleam.obj)' or at ''; linking object as if no debug info
blk.lib(Fl_Tiled_Image.obj) : warning LNK4099: PDB '' was not found with 'blk.lib(Fl_Tiled_Image.obj)' or at ''; linking object as if no debug info
blk.lib(fl_draw_pixmap.obj) : warning LNK4099: PDB '' was not found with 'blk.lib(fl_draw_pixmap.obj)' or at ''; linking object as if no debug info
blk.lib(Fl_Overlay_Window.obj) : warning LNK4099: PDB '' was not found with 'blk.lib(Fl_Overlay_Window.obj)' or at ''; linking object as if no debug info
blk.lib(filename_match.obj) : warning LNK4099: PDB '' was not found with 'blk.lib(filename_match.obj)' or at ''; linking object as if no debug info
blk.lib(filename_list.obj) : warning LNK4099: PDB '' was not found with 'blk.lib(filename_list.obj)' or at ''; linking object as if no debug info
blk.lib(Fl_Valuator.obj) : warning LNK4099: PDB '' was not found with 'blk.lib(Fl_Valuator.obj)' or at ''; linking object as if no debug info
blk.lib(Fl_XBM_Image.obj) : warning LNK4099: PDB '' was not found with 'blk.lib(Fl_XBM_Image.obj)' or at ''; linking object as if no debug info
blk.lib(Fl_XPM_Image.obj) : warning LNK4099: PDB '' was not found with 'blk.lib(Fl_XPM_Image.obj)' or at ''; linking object as if no debug info
blk.lib(Fl_Light_Button.obj) : warning LNK4099: PDB '' was not found with 'blk.lib(Fl_Light_Button.obj)' or at ''; linking object as if no debug info
blk.lib(fl_scroll_area.obj) : warning LNK4099: PDB '' was not found with 'blk.lib(fl_scroll_area.obj)' or at ''; linking object as if no debug info
blk.lib(fbxconnectionpoint.cxx.obj) : warning LNK4099: PDB '' was not found with 'blk.lib(fbxconnectionpoint.cxx.obj)' or at ''; linking object as if no debug info
blk.lib(fbxpropertydef.cxx.obj) : warning LNK4099: PDB '' was not found with 'blk.lib(fbxpropertydef.cxx.obj)' or at ''; linking object as if no debug info
blk.lib(fbxdependencieshelper.cxx.obj) : warning LNK4099: PDB '' was not found with 'blk.lib(fbxdependencieshelper.cxx.obj)' or at ''; linking object as if no debug info
blk.lib(fbxpropertypage.cxx.obj) : warning LNK4099: PDB '' was not found with 'blk.lib(fbxpropertypage.cxx.obj)' or at ''; linking object as if no debug info
blk.lib(kfcurvenode.cxx.obj) : warning LNK4099: PDB '' was not found with 'blk.lib(kfcurvenode.cxx.obj)' or at ''; linking object as if no debug info
blk.lib(kdatatypes.cxx.obj) : warning LNK4099: PDB '' was not found with 'blk.lib(kdatatypes.cxx.obj)' or at ''; linking object as if no debug info
blk.lib(fbxweightedmapping.cxx.obj) : warning LNK4099: PDB '' was not found with 'blk.lib(fbxweightedmapping.cxx.obj)' or at ''; linking object as if no debug info
blk.lib(fbxobjectscontainer.cxx.obj) : warning LNK4099: PDB '' was not found with 'blk.lib(fbxobjectscontainer.cxx.obj)' or at ''; linking object as if no debug info
blk.lib(fbxlimitsutilities.cxx.obj) : warning LNK4099: PDB '' was not found with 'blk.lib(fbxlimitsutilities.cxx.obj)' or at ''; linking object as if no debug info
blk.lib(fbxrootnodeutility.cxx.obj) : warning LNK4099: PDB '' was not found with 'blk.lib(fbxrootnodeutility.cxx.obj)' or at ''; linking object as if no debug info
blk.lib(fbxfolder.cxx.obj) : warning LNK4099: PDB '' was not found with 'blk.lib(fbxfolder.cxx.obj)' or at ''; linking object as if no debug info
blk.lib(fbxtypes.cxx.obj) : warning LNK4099: PDB '' was not found with 'blk.lib(fbxtypes.cxx.obj)' or at ''; linking object as if no debug info
blk.lib(fbxtimecode.cxx.obj) : warning LNK4099: PDB '' was not found with 'blk.lib(fbxtimecode.cxx.obj)' or at ''; linking object as if no debug info
blk.lib(fbxwriter.cxx.obj) : warning LNK4099: PDB '' was not found with 'blk.lib(fbxwriter.cxx.obj)' or at ''; linking object as if no debug info
blk.lib(fbxbase64coder.cxx.obj) : warning LNK4099: PDB '' was not found with 'blk.lib(fbxbase64coder.cxx.obj)' or at ''; linking object as if no debug info
blk.lib(fbxchainedfile.cxx.obj) : warning LNK4099: PDB '' was not found with 'blk.lib(fbxchainedfile.cxx.obj)' or at ''; linking object as if no debug info
blk.lib(fbxcrcfile.cxx.obj) : warning LNK4099: PDB '' was not found with 'blk.lib(fbxcrcfile.cxx.obj)' or at ''; linking object as if no debug info
blk.lib(fbxencryptedfile.cxx.obj) : warning LNK4099: PDB '' was not found with 'blk.lib(fbxencryptedfile.cxx.obj)' or at ''; linking object as if no debug info
blk.lib(fbxmemoryfile.cxx.obj) : warning LNK4099: PDB '' was not found with 'blk.lib(fbxmemoryfile.cxx.obj)' or at ''; linking object as if no debug info
blk.lib(fbxiofield.cxx.obj) : warning LNK4099: PDB '' was not found with 'blk.lib(fbxiofield.cxx.obj)' or at ''; linking object as if no debug info
blk.lib(fbxiofieldlist.cxx.obj) : warning LNK4099: PDB '' was not found with 'blk.lib(fbxiofieldlist.cxx.obj)' or at ''; linking object as if no debug info
blk.lib(fbxiofieldzlib.cxx.obj) : warning LNK4099: PDB '' was not found with 'blk.lib(fbxiofieldzlib.cxx.obj)' or at ''; linking object as if no debug info
blk.lib(adler32.c.obj) : warning LNK4099: PDB '' was not found with 'blk.lib(adler32.c.obj)' or at ''; linking object as if no debug info
blk.lib(fbxinternalfileio.cxx.obj) : warning LNK4099: PDB '' was not found with 'blk.lib(fbxinternalfileio.cxx.obj)' or at ''; linking object as if no debug info
blk.lib(fbxmodule.cxx.obj) : warning LNK4099: PDB '' was not found with 'blk.lib(fbxmodule.cxx.obj)' or at ''; linking object as if no debug info
blk.lib(fbxsync.cxx.obj) : warning LNK4099: PDB '' was not found with 'blk.lib(fbxsync.cxx.obj)' or at ''; linking object as if no debug info
blk.lib(fbxreader.cxx.obj) : warning LNK4099: PDB '' was not found with 'blk.lib(fbxreader.cxx.obj)' or at ''; linking object as if no debug info
blk.lib(fbxanimcurvefiltertss.cxx.obj) : warning LNK4099: PDB '' was not found with 'blk.lib(fbxanimcurvefiltertss.cxx.obj)' or at ''; linking object as if no debug info
blk.lib(fbxanimutilities.cxx.obj) : warning LNK4099: PDB '' was not found with 'blk.lib(fbxanimutilities.cxx.obj)' or at ''; linking object as if no debug info
blk.lib(fbxmaterialconverter.cxx.obj) : warning LNK4099: PDB '' was not found with 'blk.lib(fbxmaterialconverter.cxx.obj)' or at ''; linking object as if no debug info
blk.lib(fbxrenamingstrategyfbx5.cxx.obj) : warning LNK4099: PDB '' was not found with 'blk.lib(fbxrenamingstrategyfbx5.cxx.obj)' or at ''; linking object as if no debug info
blk.lib(fbxscenecheckutility.cxx.obj) : warning LNK4099: PDB '' was not found with 'blk.lib(fbxscenecheckutility.cxx.obj)' or at ''; linking object as if no debug info
blk.lib(fbxanimevalstate.cxx.obj) : warning LNK4099: PDB '' was not found with 'blk.lib(fbxanimevalstate.cxx.obj)' or at ''; linking object as if no debug info
blk.lib(kfcurveglobal.cxx.obj) : warning LNK4099: PDB '' was not found with 'blk.lib(kfcurveglobal.cxx.obj)' or at ''; linking object as if no debug info
blk.lib(kfcurveutils.cxx.obj) : warning LNK4099: PDB '' was not found with 'blk.lib(kfcurveutils.cxx.obj)' or at ''; linking object as if no debug info
blk.lib(fbxbitset.cxx.obj) : warning LNK4099: PDB '' was not found with 'blk.lib(fbxbitset.cxx.obj)' or at ''; linking object as if no debug info
blk.lib(fbxsurfaceevaluator.cxx.obj) : warning LNK4099: PDB '' was not found with 'blk.lib(fbxsurfaceevaluator.cxx.obj)' or at ''; linking object as if no debug info
blk.lib(fbxnurbssurfaceevaluator.cxx.obj) : warning LNK4099: PDB '' was not found with 'blk.lib(fbxnurbssurfaceevaluator.cxx.obj)' or at ''; linking object as if no debug info
blk.lib(fbxuniformsurfaceutils.cxx.obj) : warning LNK4099: PDB '' was not found with 'blk.lib(fbxuniformsurfaceutils.cxx.obj)' or at ''; linking object as if no debug info
blk.lib(awTess2dConstrainedTriangulate.cpp.obj) : warning LNK4099: PDB '' was not found with 'blk.lib(awTess2dConstrainedTriangulate.cpp.obj)' or at ''; linking object as if no debug info
blk.lib(fbxrenamingstrategyutilities.cxx.obj) : warning LNK4099: PDB '' was not found with 'blk.lib(fbxrenamingstrategyutilities.cxx.obj)' or at ''; linking object as if no debug info
blk.lib(fbxnurbscurveevaluator.cxx.obj) : warning LNK4099: PDB '' was not found with 'blk.lib(fbxnurbscurveevaluator.cxx.obj)' or at ''; linking object as if no debug info
blk.lib(xmlIO.c.obj) : warning LNK4099: PDB '' was not found with 'blk.lib(xmlIO.c.obj)' or at ''; linking object as if no debug info
blk.lib(xmlmemory.c.obj) : warning LNK4099: PDB '' was not found with 'blk.lib(xmlmemory.c.obj)' or at ''; linking object as if no debug info
blk.lib(buf.c.obj) : warning LNK4099: PDB '' was not found with 'blk.lib(buf.c.obj)' or at ''; linking object as if no debug info
blk.lib(dict.c.obj) : warning LNK4099: PDB '' was not found with 'blk.lib(dict.c.obj)' or at ''; linking object as if no debug info
blk.lib(hash.c.obj) : warning LNK4099: PDB '' was not found with 'blk.lib(hash.c.obj)' or at ''; linking object as if no debug info
blk.lib(error.c.obj) : warning LNK4099: PDB '' was not found with 'blk.lib(error.c.obj)' or at ''; linking object as if no debug info
blk.lib(valid.c.obj) : warning LNK4099: PDB '' was not found with 'blk.lib(valid.c.obj)' or at ''; linking object as if no debug info
blk.lib(entities.c.obj) : warning LNK4099: PDB '' was not found with 'blk.lib(entities.c.obj)' or at ''; linking object as if no debug info
blk.lib(encoding.c.obj) : warning LNK4099: PDB '' was not found with 'blk.lib(encoding.c.obj)' or at ''; linking object as if no debug info
blk.lib(parserInternals.c.obj) : warning LNK4099: PDB '' was not found with 'blk.lib(parserInternals.c.obj)' or at ''; linking object as if no debug info
blk.lib(SAX2.c.obj) : warning LNK4099: PDB '' was not found with 'blk.lib(SAX2.c.obj)' or at ''; linking object as if no debug info
blk.lib(threads.c.obj) : warning LNK4099: PDB '' was not found with 'blk.lib(threads.c.obj)' or at ''; linking object as if no debug info
blk.lib(chvalid.c.obj) : warning LNK4099: PDB '' was not found with 'blk.lib(chvalid.c.obj)' or at ''; linking object as if no debug info
blk.lib(uri.c.obj) : warning LNK4099: PDB '' was not found with 'blk.lib(uri.c.obj)' or at ''; linking object as if no debug info
blk.lib(xmlschemastypes.c.obj) : warning LNK4099: PDB '' was not found with 'blk.lib(xmlschemastypes.c.obj)' or at ''; linking object as if no debug info
blk.lib(relaxng.c.obj) : warning LNK4099: PDB '' was not found with 'blk.lib(relaxng.c.obj)' or at ''; linking object as if no debug info
blk.lib(xpath.c.obj) : warning LNK4099: PDB '' was not found with 'blk.lib(xpath.c.obj)' or at ''; linking object as if no debug info
blk.lib(fbxlistener.cxx.obj) : warning LNK4099: PDB '' was not found with 'blk.lib(fbxlistener.cxx.obj)' or at ''; linking object as if no debug info
blk.lib(fbxwriterfbx5.cxx.obj) : warning LNK4099: PDB '' was not found with 'blk.lib(fbxwriterfbx5.cxx.obj)' or at ''; linking object as if no debug info
blk.lib(fbximplementationfilter.cxx.obj) : warning LNK4099: PDB '' was not found with 'blk.lib(fbximplementationfilter.cxx.obj)' or at ''; linking object as if no debug info
blk.lib(awCacheFileInterface.cpp.obj) : warning LNK4099: PDB '' was not found with 'blk.lib(awCacheFileInterface.cpp.obj)' or at ''; linking object as if no debug info
blk.lib(awPointCache2IO.cpp.obj) : warning LNK4099: PDB '' was not found with 'blk.lib(awPointCache2IO.cpp.obj)' or at ''; linking object as if no debug info
blk.lib(fbxbindingtableentry.cxx.obj) : warning LNK4099: PDB '' was not found with 'blk.lib(fbxbindingtableentry.cxx.obj)' or at ''; linking object as if no debug info
blk.lib(fbxconstantentryview.cxx.obj) : warning LNK4099: PDB '' was not found with 'blk.lib(fbxconstantentryview.cxx.obj)' or at ''; linking object as if no debug info
blk.lib(fbxoperatorentryview.cxx.obj) : warning LNK4099: PDB '' was not found with 'blk.lib(fbxoperatorentryview.cxx.obj)' or at ''; linking object as if no debug info
blk.lib(fbxpropertyentryview.cxx.obj) : warning LNK4099: PDB '' was not found with 'blk.lib(fbxpropertyentryview.cxx.obj)' or at ''; linking object as if no debug info
blk.lib(ErrorHandler.cpp.obj) : warning LNK4099: PDB '' was not found with 'blk.lib(ErrorHandler.cpp.obj)' or at ''; linking object as if no debug info
blk.lib(IArchive.cpp.obj) : warning LNK4099: PDB '' was not found with 'blk.lib(IArchive.cpp.obj)' or at ''; linking object as if no debug info
blk.lib(ArchiveInfo.cpp.obj) : warning LNK4099: PDB '' was not found with 'blk.lib(ArchiveInfo.cpp.obj)' or at ''; linking object as if no debug info
blk.lib(IObject.cpp.obj) : warning LNK4099: PDB '' was not found with 'blk.lib(IObject.cpp.obj)' or at ''; linking object as if no debug info
blk.lib(ICompoundProperty.cpp.obj) : warning LNK4099: PDB '' was not found with 'blk.lib(ICompoundProperty.cpp.obj)' or at ''; linking object as if no debug info
blk.lib(IArrayProperty.cpp.obj) : warning LNK4099: PDB '' was not found with 'blk.lib(IArrayProperty.cpp.obj)' or at ''; linking object as if no debug info
blk.lib(IScalarProperty.cpp.obj) : warning LNK4099: PDB '' was not found with 'blk.lib(IScalarProperty.cpp.obj)' or at ''; linking object as if no debug info
blk.lib(IFactory.cpp.obj) : warning LNK4099: PDB '' was not found with 'blk.lib(IFactory.cpp.obj)' or at ''; linking object as if no debug info
blk.lib(XformSample.cpp.obj) : warning LNK4099: PDB '' was not found with 'blk.lib(XformSample.cpp.obj)' or at ''; linking object as if no debug info
blk.lib(IXform.cpp.obj) : warning LNK4099: PDB '' was not found with 'blk.lib(IXform.cpp.obj)' or at ''; linking object as if no debug info
blk.lib(fbxalembicgeometry.cxx.obj) : warning LNK4099: PDB '' was not found with 'blk.lib(fbxalembicgeometry.cxx.obj)' or at ''; linking object as if no debug info
blk.lib(fbxalembicmaterial.cxx.obj) : warning LNK4099: PDB '' was not found with 'blk.lib(fbxalembicmaterial.cxx.obj)' or at ''; linking object as if no debug info
blk.lib(fbxalembicxform.cxx.obj) : warning LNK4099: PDB '' was not found with 'blk.lib(fbxalembicxform.cxx.obj)' or at ''; linking object as if no debug info
blk.lib(fbxalembicobject.cxx.obj) : warning LNK4099: PDB '' was not found with 'blk.lib(fbxalembicobject.cxx.obj)' or at ''; linking object as if no debug info
blk.lib(fbxmemorypool.cxx.obj) : warning LNK4099: PDB '' was not found with 'blk.lib(fbxmemorypool.cxx.obj)' or at ''; linking object as if no debug info
blk.lib(xmlHelper.cxx.obj) : warning LNK4099: PDB '' was not found with 'blk.lib(xmlHelper.cxx.obj)' or at ''; linking object as if no debug info
blk.lib(fbxstream.cxx.obj) : warning LNK4099: PDB '' was not found with 'blk.lib(fbxstream.cxx.obj)' or at ''; linking object as if no debug info
blk.lib(fbxanimcurvefilterkeysync.cxx.obj) : warning LNK4099: PDB '' was not found with 'blk.lib(fbxanimcurvefilterkeysync.cxx.obj)' or at ''; linking object as if no debug info
blk.lib(fbxanimcurvefilterresample.cxx.obj) : warning LNK4099: PDB '' was not found with 'blk.lib(fbxanimcurvefilterresample.cxx.obj)' or at ''; linking object as if no debug info
blk.lib(fbxdualquaternion.cxx.obj) : warning LNK4099: PDB '' was not found with 'blk.lib(fbxdualquaternion.cxx.obj)' or at ''; linking object as if no debug info
blk.lib(scandir.obj) : warning LNK4099: PDB '' was not found with 'blk.lib(scandir.obj)' or at ''; linking object as if no debug info
blk.lib(fbxcachedfile.cxx.obj) : warning LNK4099: PDB '' was not found with 'blk.lib(fbxcachedfile.cxx.obj)' or at ''; linking object as if no debug info
blk.lib(deflate.c.obj) : warning LNK4099: PDB '' was not found with 'blk.lib(deflate.c.obj)' or at ''; linking object as if no debug info
blk.lib(inflate.c.obj) : warning LNK4099: PDB '' was not found with 'blk.lib(inflate.c.obj)' or at ''; linking object as if no debug info
blk.lib(fbxreader3ds.cxx.obj) : warning LNK4099: PDB '' was not found with 'blk.lib(fbxreader3ds.cxx.obj)' or at ''; linking object as if no debug info
blk.lib(fbxwriter3ds.cxx.obj) : warning LNK4099: PDB '' was not found with 'blk.lib(fbxwriter3ds.cxx.obj)' or at ''; linking object as if no debug info
blk.lib(fbxreaderacclaimasf.cxx.obj) : warning LNK4099: PDB '' was not found with 'blk.lib(fbxreaderacclaimasf.cxx.obj)' or at ''; linking object as if no debug info
blk.lib(fbxreaderacclaimamc.cxx.obj) : warning LNK4099: PDB '' was not found with 'blk.lib(fbxreaderacclaimamc.cxx.obj)' or at ''; linking object as if no debug info
blk.lib(fbxwriteracclaimasf.cxx.obj) : warning LNK4099: PDB '' was not found with 'blk.lib(fbxwriteracclaimasf.cxx.obj)' or at ''; linking object as if no debug info
blk.lib(fbxwriteracclaimamc.cxx.obj) : warning LNK4099: PDB '' was not found with 'blk.lib(fbxwriteracclaimamc.cxx.obj)' or at ''; linking object as if no debug info
blk.lib(fbxreaderadaptiveoptics.cxx.obj) : warning LNK4099: PDB '' was not found with 'blk.lib(fbxreaderadaptiveoptics.cxx.obj)' or at ''; linking object as if no debug info
blk.lib(fbxwriteradaptiveoptics.cxx.obj) : warning LNK4099: PDB '' was not found with 'blk.lib(fbxwriteradaptiveoptics.cxx.obj)' or at ''; linking object as if no debug info
blk.lib(fbxreaderbiovision.cxx.obj) : warning LNK4099: PDB '' was not found with 'blk.lib(fbxreaderbiovision.cxx.obj)' or at ''; linking object as if no debug info
blk.lib(fbxwriterbiovision.cxx.obj) : warning LNK4099: PDB '' was not found with 'blk.lib(fbxwriterbiovision.cxx.obj)' or at ''; linking object as if no debug info
blk.lib(fbxreadercollada14.cxx.obj) : warning LNK4099: PDB '' was not found with 'blk.lib(fbxreadercollada14.cxx.obj)' or at ''; linking object as if no debug info
blk.lib(fbxwritercollada14.cxx.obj) : warning LNK4099: PDB '' was not found with 'blk.lib(fbxwritercollada14.cxx.obj)' or at ''; linking object as if no debug info
blk.lib(fbxreaderdxf.cxx.obj) : warning LNK4099: PDB '' was not found with 'blk.lib(fbxreaderdxf.cxx.obj)' or at ''; linking object as if no debug info
blk.lib(fbxwriterdxf.cxx.obj) : warning LNK4099: PDB '' was not found with 'blk.lib(fbxwriterdxf.cxx.obj)' or at ''; linking object as if no debug info
blk.lib(fbxreaderfbx6.cxx.obj) : warning LNK4099: PDB '' was not found with 'blk.lib(fbxreaderfbx6.cxx.obj)' or at ''; linking object as if no debug info
blk.lib(fbxreaderfbx7.cxx.obj) : warning LNK4099: PDB '' was not found with 'blk.lib(fbxreaderfbx7.cxx.obj)' or at ''; linking object as if no debug info
blk.lib(fbxwriterfbx6.cxx.obj) : warning LNK4099: PDB '' was not found with 'blk.lib(fbxwriterfbx6.cxx.obj)' or at ''; linking object as if no debug info
blk.lib(fbxwriterfbx7.cxx.obj) : warning LNK4099: PDB '' was not found with 'blk.lib(fbxwriterfbx7.cxx.obj)' or at ''; linking object as if no debug info
blk.lib(fbxreadermotionanalysishtr.cxx.obj) : warning LNK4099: PDB '' was not found with 'blk.lib(fbxreadermotionanalysishtr.cxx.obj)' or at ''; linking object as if no debug info
blk.lib(fbxreadermotionanalysistrc.cxx.obj) : warning LNK4099: PDB '' was not found with 'blk.lib(fbxreadermotionanalysistrc.cxx.obj)' or at ''; linking object as if no debug info
blk.lib(fbxwritermotionanalysishtr.cxx.obj) : warning LNK4099: PDB '' was not found with 'blk.lib(fbxwritermotionanalysishtr.cxx.obj)' or at ''; linking object as if no debug info
blk.lib(fbxwritermotionanalysistrc.cxx.obj) : warning LNK4099: PDB '' was not found with 'blk.lib(fbxwritermotionanalysistrc.cxx.obj)' or at ''; linking object as if no debug info
blk.lib(fbxreaderobj.cxx.obj) : warning LNK4099: PDB '' was not found with 'blk.lib(fbxreaderobj.cxx.obj)' or at ''; linking object as if no debug info
blk.lib(fbxwriterobj.cxx.obj) : warning LNK4099: PDB '' was not found with 'blk.lib(fbxwriterobj.cxx.obj)' or at ''; linking object as if no debug info
blk.lib(fbxreadervicon.cxx.obj) : warning LNK4099: PDB '' was not found with 'blk.lib(fbxreadervicon.cxx.obj)' or at ''; linking object as if no debug info
blk.lib(fbxwritervicon.cxx.obj) : warning LNK4099: PDB '' was not found with 'blk.lib(fbxwritervicon.cxx.obj)' or at ''; linking object as if no debug info
blk.lib(fbxreaderzip.cxx.obj) : warning LNK4099: PDB '' was not found with 'blk.lib(fbxreaderzip.cxx.obj)' or at ''; linking object as if no debug info
blk.lib(fbxalembicreader.cxx.obj) : warning LNK4099: PDB '' was not found with 'blk.lib(fbxalembicreader.cxx.obj)' or at ''; linking object as if no debug info
blk.lib(fbxclock.cxx.obj) : warning LNK4099: PDB '' was not found with 'blk.lib(fbxclock.cxx.obj)' or at ''; linking object as if no debug info
blk.lib(fbxatomic.cxx.obj) : warning LNK4099: PDB '' was not found with 'blk.lib(fbxatomic.cxx.obj)' or at ''; linking object as if no debug info
blk.lib(fbxnodefinder.cxx.obj) : warning LNK4099: PDB '' was not found with 'blk.lib(fbxnodefinder.cxx.obj)' or at ''; linking object as if no debug info
blk.lib(fbxnodefinderduplicatename.cxx.obj) : warning LNK4099: PDB '' was not found with 'blk.lib(fbxnodefinderduplicatename.cxx.obj)' or at ''; linking object as if no debug info
blk.lib(fbxrenamingstrategybase.cxx.obj) : warning LNK4099: PDB '' was not found with 'blk.lib(fbxrenamingstrategybase.cxx.obj)' or at ''; linking object as if no debug info
blk.lib(kfcurvefilter.cxx.obj) : warning LNK4099: PDB '' was not found with 'blk.lib(kfcurvefilter.cxx.obj)' or at ''; linking object as if no debug info
blk.lib(kfcurvefilterconstkeyredu.cxx.obj) : warning LNK4099: PDB '' was not found with 'blk.lib(kfcurvefilterconstkeyredu.cxx.obj)' or at ''; linking object as if no debug info
blk.lib(kfcurvefiltergimblekiller.cxx.obj) : warning LNK4099: PDB '' was not found with 'blk.lib(kfcurvefiltergimblekiller.cxx.obj)' or at ''; linking object as if no debug info
blk.lib(kfcurvefilterunroll.cxx.obj) : warning LNK4099: PDB '' was not found with 'blk.lib(kfcurvefilterunroll.cxx.obj)' or at ''; linking object as if no debug info
blk.lib(awLinear.cpp.obj) : warning LNK4099: PDB '' was not found with 'blk.lib(awLinear.cpp.obj)' or at ''; linking object as if no debug info
blk.lib(awLinearVector2.cpp.obj) : warning LNK4099: PDB '' was not found with 'blk.lib(awLinearVector2.cpp.obj)' or at ''; linking object as if no debug info
blk.lib(awLinearVector.cpp.obj) : warning LNK4099: PDB '' was not found with 'blk.lib(awLinearVector.cpp.obj)' or at ''; linking object as if no debug info
blk.lib(awLinearNormal.cpp.obj) : warning LNK4099: PDB '' was not found with 'blk.lib(awLinearNormal.cpp.obj)' or at ''; linking object as if no debug info
blk.lib(awLinearParamPlane.cpp.obj) : warning LNK4099: PDB '' was not found with 'blk.lib(awLinearParamPlane.cpp.obj)' or at ''; linking object as if no debug info
blk.lib(awLinearRange2d.cpp.obj) : warning LNK4099: PDB '' was not found with 'blk.lib(awLinearRange2d.cpp.obj)' or at ''; linking object as if no debug info
blk.lib(awGeomTopoMesh.cpp.obj) : warning LNK4099: PDB '' was not found with 'blk.lib(awGeomTopoMesh.cpp.obj)' or at ''; linking object as if no debug info
blk.lib(awGeomTopoMeshIterators.cpp.obj) : warning LNK4099: PDB '' was not found with 'blk.lib(awGeomTopoMeshIterators.cpp.obj)' or at ''; linking object as if no debug info
blk.lib(xmlregexp.c.obj) : warning LNK4099: PDB '' was not found with 'blk.lib(xmlregexp.c.obj)' or at ''; linking object as if no debug info
blk.lib(list.c.obj) : warning LNK4099: PDB '' was not found with 'blk.lib(list.c.obj)' or at ''; linking object as if no debug info
blk.lib(xmlschemas.c.obj) : warning LNK4099: PDB '' was not found with 'blk.lib(xmlschemas.c.obj)' or at ''; linking object as if no debug info
blk.lib(pattern.c.obj) : warning LNK4099: PDB '' was not found with 'blk.lib(pattern.c.obj)' or at ''; linking object as if no debug info
blk.lib(awString.cpp.obj) : warning LNK4099: PDB '' was not found with 'blk.lib(awString.cpp.obj)' or at ''; linking object as if no debug info
blk.lib(awCacheFileAccessor.cpp.obj) : warning LNK4099: PDB '' was not found with 'blk.lib(awCacheFileAccessor.cpp.obj)' or at ''; linking object as if no debug info
blk.lib(awCacheFileIffIO.cpp.obj) : warning LNK4099: PDB '' was not found with 'blk.lib(awCacheFileIffIO.cpp.obj)' or at ''; linking object as if no debug info
blk.lib(awOSFilename.cpp.obj) : warning LNK4099: PDB '' was not found with 'blk.lib(awOSFilename.cpp.obj)' or at ''; linking object as if no debug info
blk.lib(fbxentryview.cxx.obj) : warning LNK4099: PDB '' was not found with 'blk.lib(fbxentryview.cxx.obj)' or at ''; linking object as if no debug info
blk.lib(TimeSampling.cpp.obj) : warning LNK4099: PDB '' was not found with 'blk.lib(TimeSampling.cpp.obj)' or at ''; linking object as if no debug info
blk.lib(ISampleSelector.cpp.obj) : warning LNK4099: PDB '' was not found with 'blk.lib(ISampleSelector.cpp.obj)' or at ''; linking object as if no debug info
blk.lib(ReadWrite.cpp.obj) : warning LNK4099: PDB '' was not found with 'blk.lib(ReadWrite.cpp.obj)' or at ''; linking object as if no debug info
blk.lib(Read.cpp.obj) : warning LNK4099: PDB '' was not found with 'blk.lib(Read.cpp.obj)' or at ''; linking object as if no debug info
blk.lib(IexBaseExc.cpp.obj) : warning LNK4099: PDB '' was not found with 'blk.lib(IexBaseExc.cpp.obj)' or at ''; linking object as if no debug info
blk.lib(ImathExc.cpp.obj) : warning LNK4099: PDB '' was not found with 'blk.lib(ImathExc.cpp.obj)' or at ''; linking object as if no debug info
blk.lib(XformOp.cpp.obj) : warning LNK4099: PDB '' was not found with 'blk.lib(XformOp.cpp.obj)' or at ''; linking object as if no debug info
blk.lib(IPolyMesh.cpp.obj) : warning LNK4099: PDB '' was not found with 'blk.lib(IPolyMesh.cpp.obj)' or at ''; linking object as if no debug info
blk.lib(IMaterial.cpp.obj) : warning LNK4099: PDB '' was not found with 'blk.lib(IMaterial.cpp.obj)' or at ''; linking object as if no debug info
blk.lib(fbxalembicutils.cxx.obj) : warning LNK4099: PDB '' was not found with 'blk.lib(fbxalembicutils.cxx.obj)' or at ''; linking object as if no debug info
blk.lib(ICurves.cpp.obj) : warning LNK4099: PDB '' was not found with 'blk.lib(ICurves.cpp.obj)' or at ''; linking object as if no debug info
blk.lib(INuPatch.cpp.obj) : warning LNK4099: PDB '' was not found with 'blk.lib(INuPatch.cpp.obj)' or at ''; linking object as if no debug info
blk.lib(ISubD.cpp.obj) : warning LNK4099: PDB '' was not found with 'blk.lib(ISubD.cpp.obj)' or at ''; linking object as if no debug info
blk.lib(trees.c.obj) : warning LNK4099: PDB '' was not found with 'blk.lib(trees.c.obj)' or at ''; linking object as if no debug info
blk.lib(crc32.c.obj) : warning LNK4099: PDB '' was not found with 'blk.lib(crc32.c.obj)' or at ''; linking object as if no debug info
blk.lib(zutil.c.obj) : warning LNK4099: PDB '' was not found with 'blk.lib(zutil.c.obj)' or at ''; linking object as if no debug info
blk.lib(inftrees.c.obj) : warning LNK4099: PDB '' was not found with 'blk.lib(inftrees.c.obj)' or at ''; linking object as if no debug info
blk.lib(inffast.c.obj) : warning LNK4099: PDB '' was not found with 'blk.lib(inffast.c.obj)' or at ''; linking object as if no debug info
blk.lib(fbxanimcurvefilterkeyreducer.cxx.obj) : warning LNK4099: PDB '' was not found with 'blk.lib(fbxanimcurvefilterkeyreducer.cxx.obj)' or at ''; linking object as if no debug info
blk.lib(3dserr.cxx.obj) : warning LNK4099: PDB '' was not found with 'blk.lib(3dserr.cxx.obj)' or at ''; linking object as if no debug info
blk.lib(3dsfile.cxx.obj) : warning LNK4099: PDB '' was not found with 'blk.lib(3dsfile.cxx.obj)' or at ''; linking object as if no debug info
blk.lib(dbase3ds.cxx.obj) : warning LNK4099: PDB '' was not found with 'blk.lib(dbase3ds.cxx.obj)' or at ''; linking object as if no debug info
blk.lib(3dsmset.cxx.obj) : warning LNK4099: PDB '' was not found with 'blk.lib(3dsmset.cxx.obj)' or at ''; linking object as if no debug info
blk.lib(3dsbgnd.cxx.obj) : warning LNK4099: PDB '' was not found with 'blk.lib(3dsbgnd.cxx.obj)' or at ''; linking object as if no debug info
blk.lib(3dsmatr.cxx.obj) : warning LNK4099: PDB '' was not found with 'blk.lib(3dsmatr.cxx.obj)' or at ''; linking object as if no debug info
blk.lib(3dsmobj.cxx.obj) : warning LNK4099: PDB '' was not found with 'blk.lib(3dsmobj.cxx.obj)' or at ''; linking object as if no debug info
blk.lib(3dslites.cxx.obj) : warning LNK4099: PDB '' was not found with 'blk.lib(3dslites.cxx.obj)' or at ''; linking object as if no debug info
blk.lib(3dscamr.cxx.obj) : warning LNK4099: PDB '' was not found with 'blk.lib(3dscamr.cxx.obj)' or at ''; linking object as if no debug info
blk.lib(3dscamm.cxx.obj) : warning LNK4099: PDB '' was not found with 'blk.lib(3dscamm.cxx.obj)' or at ''; linking object as if no debug info
blk.lib(3dsobjm.cxx.obj) : warning LNK4099: PDB '' was not found with 'blk.lib(3dsobjm.cxx.obj)' or at ''; linking object as if no debug info
blk.lib(3dsomnm.cxx.obj) : warning LNK4099: PDB '' was not found with 'blk.lib(3dsomnm.cxx.obj)' or at ''; linking object as if no debug info
blk.lib(3dssptm.cxx.obj) : warning LNK4099: PDB '' was not found with 'blk.lib(3dssptm.cxx.obj)' or at ''; linking object as if no debug info
blk.lib(fbxrenamingstrategy.cxx.obj) : warning LNK4099: PDB '' was not found with 'blk.lib(fbxrenamingstrategy.cxx.obj)' or at ''; linking object as if no debug info
blk.lib(3dsiobj.cxx.obj) : warning LNK4099: PDB '' was not found with 'blk.lib(3dsiobj.cxx.obj)' or at ''; linking object as if no debug info
blk.lib(3dsrobj.cxx.obj) : warning LNK4099: PDB '' was not found with 'blk.lib(3dsrobj.cxx.obj)' or at ''; linking object as if no debug info
blk.lib(3dskey.cxx.obj) : warning LNK4099: PDB '' was not found with 'blk.lib(3dskey.cxx.obj)' or at ''; linking object as if no debug info
blk.lib(fbxtextfile.cxx.obj) : warning LNK4099: PDB '' was not found with 'blk.lib(fbxtextfile.cxx.obj)' or at ''; linking object as if no debug info
blk.lib(fbxfileacclaimasf.cxx.obj) : warning LNK4099: PDB '' was not found with 'blk.lib(fbxfileacclaimasf.cxx.obj)' or at ''; linking object as if no debug info
blk.lib(fbxfileacclaimamc.cxx.obj) : warning LNK4099: PDB '' was not found with 'blk.lib(fbxfileacclaimamc.cxx.obj)' or at ''; linking object as if no debug info
blk.lib(fbxreadermotionbase.cxx.obj) : warning LNK4099: PDB '' was not found with 'blk.lib(fbxreadermotionbase.cxx.obj)' or at ''; linking object as if no debug info
blk.lib(fbxfileadaptiveoptics.cxx.obj) : warning LNK4099: PDB '' was not found with 'blk.lib(fbxfileadaptiveoptics.cxx.obj)' or at ''; linking object as if no debug info
blk.lib(fbxwritermotionbase.cxx.obj) : warning LNK4099: PDB '' was not found with 'blk.lib(fbxwritermotionbase.cxx.obj)' or at ''; linking object as if no debug info
blk.lib(fbxfilebiovision.cxx.obj) : warning LNK4099: PDB '' was not found with 'blk.lib(fbxfilebiovision.cxx.obj)' or at ''; linking object as if no debug info
blk.lib(fbxsemanticentryview.cxx.obj) : warning LNK4099: PDB '' was not found with 'blk.lib(fbxsemanticentryview.cxx.obj)' or at ''; linking object as if no debug info
blk.lib(fbxcolladaiostream.cxx.obj) : warning LNK4099: PDB '' was not found with 'blk.lib(fbxcolladaiostream.cxx.obj)' or at ''; linking object as if no debug info
blk.lib(fbxcolladautils.cxx.obj) : warning LNK4099: PDB '' was not found with 'blk.lib(fbxcolladautils.cxx.obj)' or at ''; linking object as if no debug info
blk.lib(fbxcolladanamespace.cxx.obj) : warning LNK4099: PDB '' was not found with 'blk.lib(fbxcolladanamespace.cxx.obj)' or at ''; linking object as if no debug info
blk.lib(fbxcolladaelement.cxx.obj) : warning LNK4099: PDB '' was not found with 'blk.lib(fbxcolladaelement.cxx.obj)' or at ''; linking object as if no debug info
blk.lib(fbxcolladaanimationelement.cxx.obj) : warning LNK4099: PDB '' was not found with 'blk.lib(fbxcolladaanimationelement.cxx.obj)' or at ''; linking object as if no debug info
blk.lib(fbxrenamingstrategyfbx6.cxx.obj) : warning LNK4099: PDB '' was not found with 'blk.lib(fbxrenamingstrategyfbx6.cxx.obj)' or at ''; linking object as if no debug info
blk.lib(fbxembeddedfilesaccumulator.cxx.obj) : warning LNK4099: PDB '' was not found with 'blk.lib(fbxembeddedfilesaccumulator.cxx.obj)' or at ''; linking object as if no debug info
blk.lib(fbxfilemotionanalysishtr.cxx.obj) : warning LNK4099: PDB '' was not found with 'blk.lib(fbxfilemotionanalysishtr.cxx.obj)' or at ''; linking object as if no debug info
blk.lib(fbxfilemotionanalysistrc.cxx.obj) : warning LNK4099: PDB '' was not found with 'blk.lib(fbxfilemotionanalysistrc.cxx.obj)' or at ''; linking object as if no debug info
blk.lib(fbxfilevicon.cxx.obj) : warning LNK4099: PDB '' was not found with 'blk.lib(fbxfilevicon.cxx.obj)' or at ''; linking object as if no debug info
blk.lib(unzip.cxx.obj) : warning LNK4099: PDB '' was not found with 'blk.lib(unzip.cxx.obj)' or at ''; linking object as if no debug info
blk.lib(kfcurvefilterkeysync.cxx.obj) : warning LNK4099: PDB '' was not found with 'blk.lib(kfcurvefilterkeysync.cxx.obj)' or at ''; linking object as if no debug info
blk.lib(awLinearAffineMatrix.cpp.obj) : warning LNK4099: PDB '' was not found with 'blk.lib(awLinearAffineMatrix.cpp.obj)' or at ''; linking object as if no debug info
blk.lib(awLinearPoint.cpp.obj) : warning LNK4099: PDB '' was not found with 'blk.lib(awLinearPoint.cpp.obj)' or at ''; linking object as if no debug info
blk.lib(awLinearPoint2.cpp.obj) : warning LNK4099: PDB '' was not found with 'blk.lib(awLinearPoint2.cpp.obj)' or at ''; linking object as if no debug info
blk.lib(awLinearLine.cpp.obj) : warning LNK4099: PDB '' was not found with 'blk.lib(awLinearLine.cpp.obj)' or at ''; linking object as if no debug info
blk.lib(awLinearParamLine.cpp.obj) : warning LNK4099: PDB '' was not found with 'blk.lib(awLinearParamLine.cpp.obj)' or at ''; linking object as if no debug info
blk.lib(awLinearPlane.cpp.obj) : warning LNK4099: PDB '' was not found with 'blk.lib(awLinearPlane.cpp.obj)' or at ''; linking object as if no debug info
blk.lib(awLinearRange1d.cpp.obj) : warning LNK4099: PDB '' was not found with 'blk.lib(awLinearRange1d.cpp.obj)' or at ''; linking object as if no debug info
blk.lib(awLinearRange3d.cpp.obj) : warning LNK4099: PDB '' was not found with 'blk.lib(awLinearRange3d.cpp.obj)' or at ''; linking object as if no debug info
blk.lib(awOSFSAllocator.cpp.obj) : warning LNK4099: PDB '' was not found with 'blk.lib(awOSFSAllocator.cpp.obj)' or at ''; linking object as if no debug info
blk.lib(xmlunicode.c.obj) : warning LNK4099: PDB '' was not found with 'blk.lib(xmlunicode.c.obj)' or at ''; linking object as if no debug info
blk.lib(xmlreader.c.obj) : warning LNK4099: PDB '' was not found with 'blk.lib(xmlreader.c.obj)' or at ''; linking object as if no debug info
blk.lib(awStringCType.cpp.obj) : warning LNK4099: PDB '' was not found with 'blk.lib(awStringCType.cpp.obj)' or at ''; linking object as if no debug info
blk.lib(awStringConvert.cpp.obj) : warning LNK4099: PDB '' was not found with 'blk.lib(awStringConvert.cpp.obj)' or at ''; linking object as if no debug info
blk.lib(al_nprintf.cpp.obj) : warning LNK4099: PDB '' was not found with 'blk.lib(al_nprintf.cpp.obj)' or at ''; linking object as if no debug info
blk.lib(awhashfunction.cpp.obj) : warning LNK4099: PDB '' was not found with 'blk.lib(awhashfunction.cpp.obj)' or at ''; linking object as if no debug info
blk.lib(awCacheChannel.cpp.obj) : warning LNK4099: PDB '' was not found with 'blk.lib(awCacheChannel.cpp.obj)' or at ''; linking object as if no debug info
blk.lib(awCacheDescriptionIO.cpp.obj) : warning LNK4099: PDB '' was not found with 'blk.lib(awCacheDescriptionIO.cpp.obj)' or at ''; linking object as if no debug info
blk.lib(awUtilError.cpp.obj) : warning LNK4099: PDB '' was not found with 'blk.lib(awUtilError.cpp.obj)' or at ''; linking object as if no debug info
blk.lib(awOSFile.cpp.obj) : warning LNK4099: PDB '' was not found with 'blk.lib(awOSFile.cpp.obj)' or at ''; linking object as if no debug info
blk.lib(awOSFileFactory.cpp.obj) : warning LNK4099: PDB '' was not found with 'blk.lib(awOSFileFactory.cpp.obj)' or at ''; linking object as if no debug info
blk.lib(awCacheFileIO.cpp.obj) : warning LNK4099: PDB '' was not found with 'blk.lib(awCacheFileIO.cpp.obj)' or at ''; linking object as if no debug info
blk.lib(awIffTag.cpp.obj) : warning LNK4099: PDB '' was not found with 'blk.lib(awIffTag.cpp.obj)' or at ''; linking object as if no debug info
blk.lib(awIffFile4.cpp.obj) : warning LNK4099: PDB '' was not found with 'blk.lib(awIffFile4.cpp.obj)' or at ''; linking object as if no debug info
blk.lib(awIffFile8.cpp.obj) : warning LNK4099: PDB '' was not found with 'blk.lib(awIffFile8.cpp.obj)' or at ''; linking object as if no debug info
blk.lib(TimeSamplingType.cpp.obj) : warning LNK4099: PDB '' was not found with 'blk.lib(TimeSamplingType.cpp.obj)' or at ''; linking object as if no debug info
blk.lib(AwImpl.cpp.obj) : warning LNK4099: PDB '' was not found with 'blk.lib(AwImpl.cpp.obj)' or at ''; linking object as if no debug info
blk.lib(ArImpl.cpp.obj) : warning LNK4099: PDB '' was not found with 'blk.lib(ArImpl.cpp.obj)' or at ''; linking object as if no debug info
blk.lib(ArImpl.cpp.obj) : warning LNK4099: PDB '' was not found with 'blk.lib(ArImpl.cpp.obj)' or at ''; linking object as if no debug info
blk.lib(IFaceSet.cpp.obj) : warning LNK4099: PDB '' was not found with 'blk.lib(IFaceSet.cpp.obj)' or at ''; linking object as if no debug info
blk.lib(InternalUtil.cpp.obj) : warning LNK4099: PDB '' was not found with 'blk.lib(InternalUtil.cpp.obj)' or at ''; linking object as if no debug info
blk.lib(smartall.cxx.obj) : warning LNK4099: PDB '' was not found with 'blk.lib(smartall.cxx.obj)' or at ''; linking object as if no debug info
blk.lib(strdup.cxx.obj) : warning LNK4099: PDB '' was not found with 'blk.lib(strdup.cxx.obj)' or at ''; linking object as if no debug info
blk.lib(3dsstrlf.cxx.obj) : warning LNK4099: PDB '' was not found with 'blk.lib(3dsstrlf.cxx.obj)' or at ''; linking object as if no debug info
blk.lib(3dsprim.cxx.obj) : warning LNK4099: PDB '' was not found with 'blk.lib(3dsprim.cxx.obj)' or at ''; linking object as if no debug info
blk.lib(chunk3ds.cxx.obj) : warning LNK4099: PDB '' was not found with 'blk.lib(chunk3ds.cxx.obj)' or at ''; linking object as if no debug info
blk.lib(seekchil.cxx.obj) : warning LNK4099: PDB '' was not found with 'blk.lib(seekchil.cxx.obj)' or at ''; linking object as if no debug info
blk.lib(3dshier.cxx.obj) : warning LNK4099: PDB '' was not found with 'blk.lib(3dshier.cxx.obj)' or at ''; linking object as if no debug info
blk.lib(3dsvers.cxx.obj) : warning LNK4099: PDB '' was not found with 'blk.lib(3dsvers.cxx.obj)' or at ''; linking object as if no debug info
blk.lib(kfutils.cxx.obj) : warning LNK4099: PDB '' was not found with 'blk.lib(kfutils.cxx.obj)' or at ''; linking object as if no debug info
blk.lib(fbxanimcurvefiltergimblekiller.cxx.obj) : warning LNK4099: PDB '' was not found with 'blk.lib(fbxanimcurvefiltergimblekiller.cxx.obj)' or at ''; linking object as if no debug info
blk.lib(fbxuniquenameobjectlist.cxx.obj) : warning LNK4099: PDB '' was not found with 'blk.lib(fbxuniquenameobjectlist.cxx.obj)' or at ''; linking object as if no debug info
blk.lib(fbxviconbase.cxx.obj) : warning LNK4099: PDB '' was not found with 'blk.lib(fbxviconbase.cxx.obj)' or at ''; linking object as if no debug info
blk.lib(ioapi.cxx.obj) : warning LNK4099: PDB '' was not found with 'blk.lib(ioapi.cxx.obj)' or at ''; linking object as if no debug info
blk.lib(xinclude.c.obj) : warning LNK4099: PDB '' was not found with 'blk.lib(xinclude.c.obj)' or at ''; linking object as if no debug info
blk.lib(awCacheData.cpp.obj) : warning LNK4099: PDB '' was not found with 'blk.lib(awCacheData.cpp.obj)' or at ''; linking object as if no debug info
blk.lib(awOSFileStatus.cpp.obj) : warning LNK4099: PDB '' was not found with 'blk.lib(awOSFileStatus.cpp.obj)' or at ''; linking object as if no debug info
blk.lib(awOSIOStream.cpp.obj) : warning LNK4099: PDB '' was not found with 'blk.lib(awOSIOStream.cpp.obj)' or at ''; linking object as if no debug info
blk.lib(awOSFileTransport.cpp.obj) : warning LNK4099: PDB '' was not found with 'blk.lib(awOSFileTransport.cpp.obj)' or at ''; linking object as if no debug info
blk.lib(awUtilInitializer.cpp.obj) : warning LNK4099: PDB '' was not found with 'blk.lib(awUtilInitializer.cpp.obj)' or at ''; linking object as if no debug info
blk.lib(awOSLocalFileTransport.cpp.obj) : warning LNK4099: PDB '' was not found with 'blk.lib(awOSLocalFileTransport.cpp.obj)' or at ''; linking object as if no debug info
blk.lib(iff_minfo.cpp.obj) : warning LNK4099: PDB '' was not found with 'blk.lib(iff_minfo.cpp.obj)' or at ''; linking object as if no debug info
blk.lib(iff_oserror.cpp.obj) : warning LNK4099: PDB '' was not found with 'blk.lib(iff_oserror.cpp.obj)' or at ''; linking object as if no debug info
blk.lib(iff_flibopen.cpp.obj) : warning LNK4099: PDB '' was not found with 'blk.lib(iff_flibopen.cpp.obj)' or at ''; linking object as if no debug info
blk.lib(iff_flush.cpp.obj) : warning LNK4099: PDB '' was not found with 'blk.lib(iff_flush.cpp.obj)' or at ''; linking object as if no debug info
blk.lib(iff_seek.cpp.obj) : warning LNK4099: PDB '' was not found with 'blk.lib(iff_seek.cpp.obj)' or at ''; linking object as if no debug info
blk.lib(iff_settmp.cpp.obj) : warning LNK4099: PDB '' was not found with 'blk.lib(iff_settmp.cpp.obj)' or at ''; linking object as if no debug info
blk.lib(iff_istty.cpp.obj) : warning LNK4099: PDB '' was not found with 'blk.lib(iff_istty.cpp.obj)' or at ''; linking object as if no debug info
blk.lib(iff_read.cpp.obj) : warning LNK4099: PDB '' was not found with 'blk.lib(iff_read.cpp.obj)' or at ''; linking object as if no debug info
blk.lib(iff_unread.cpp.obj) : warning LNK4099: PDB '' was not found with 'blk.lib(iff_unread.cpp.obj)' or at ''; linking object as if no debug info
blk.lib(iff_bgnread.cpp.obj) : warning LNK4099: PDB '' was not found with 'blk.lib(iff_bgnread.cpp.obj)' or at ''; linking object as if no debug info
blk.lib(iff_write.cpp.obj) : warning LNK4099: PDB '' was not found with 'blk.lib(iff_write.cpp.obj)' or at ''; linking object as if no debug info
blk.lib(iff_bgnwrite.cpp.obj) : warning LNK4099: PDB '' was not found with 'blk.lib(iff_bgnwrite.cpp.obj)' or at ''; linking object as if no debug info
blk.lib(iff_edit.cpp.obj) : warning LNK4099: PDB '' was not found with 'blk.lib(iff_edit.cpp.obj)' or at ''; linking object as if no debug info
blk.lib(iff_bgnget.cpp.obj) : warning LNK4099: PDB '' was not found with 'blk.lib(iff_bgnget.cpp.obj)' or at ''; linking object as if no debug info
blk.lib(iff_sget.cpp.obj) : warning LNK4099: PDB '' was not found with 'blk.lib(iff_sget.cpp.obj)' or at ''; linking object as if no debug info
blk.lib(iff_bgnput.cpp.obj) : warning LNK4099: PDB '' was not found with 'blk.lib(iff_bgnput.cpp.obj)' or at ''; linking object as if no debug info
blk.lib(iff_readchunk.cpp.obj) : warning LNK4099: PDB '' was not found with 'blk.lib(iff_readchunk.cpp.obj)' or at ''; linking object as if no debug info
blk.lib(iff_getchunk.cpp.obj) : warning LNK4099: PDB '' was not found with 'blk.lib(iff_getchunk.cpp.obj)' or at ''; linking object as if no debug info
blk.lib(iff_putchunk.cpp.obj) : warning LNK4099: PDB '' was not found with 'blk.lib(iff_putchunk.cpp.obj)' or at ''; linking object as if no debug info
blk.lib(iff_bgnwbchunk.cpp.obj) : warning LNK4099: PDB '' was not found with 'blk.lib(iff_bgnwbchunk.cpp.obj)' or at ''; linking object as if no debug info
blk.lib(iff_bgnrgroup.cpp.obj) : warning LNK4099: PDB '' was not found with 'blk.lib(iff_bgnrgroup.cpp.obj)' or at ''; linking object as if no debug info
blk.lib(iff_bgnwgroup.cpp.obj) : warning LNK4099: PDB '' was not found with 'blk.lib(iff_bgnwgroup.cpp.obj)' or at ''; linking object as if no debug info
blk.lib(iff_skipgroup.cpp.obj) : warning LNK4099: PDB '' was not found with 'blk.lib(iff_skipgroup.cpp.obj)' or at ''; linking object as if no debug info
blk.lib(iff_gets.cpp.obj) : warning LNK4099: PDB '' was not found with 'blk.lib(iff_gets.cpp.obj)' or at ''; linking object as if no debug info
blk.lib(iff_puts.cpp.obj) : warning LNK4099: PDB '' was not found with 'blk.lib(iff_puts.cpp.obj)' or at ''; linking object as if no debug info
blk.lib(awIffFile.cpp.obj) : warning LNK4099: PDB '' was not found with 'blk.lib(awIffFile.cpp.obj)' or at ''; linking object as if no debug info
blk.lib(iff_errno.cpp.obj) : warning LNK4099: PDB '' was not found with 'blk.lib(iff_errno.cpp.obj)' or at ''; linking object as if no debug info
blk.lib(iff_minfo8.cpp.obj) : warning LNK4099: PDB '' was not found with 'blk.lib(iff_minfo8.cpp.obj)' or at ''; linking object as if no debug info
blk.lib(iff_flibopen8.cpp.obj) : warning LNK4099: PDB '' was not found with 'blk.lib(iff_flibopen8.cpp.obj)' or at ''; linking object as if no debug info
blk.lib(iff_flush8.cpp.obj) : warning LNK4099: PDB '' was not found with 'blk.lib(iff_flush8.cpp.obj)' or at ''; linking object as if no debug info
blk.lib(iff_seek8.cpp.obj) : warning LNK4099: PDB '' was not found with 'blk.lib(iff_seek8.cpp.obj)' or at ''; linking object as if no debug info
blk.lib(iff_settmp8.cpp.obj) : warning LNK4099: PDB '' was not found with 'blk.lib(iff_settmp8.cpp.obj)' or at ''; linking object as if no debug info
blk.lib(iff_istty8.cpp.obj) : warning LNK4099: PDB '' was not found with 'blk.lib(iff_istty8.cpp.obj)' or at ''; linking object as if no debug info
blk.lib(iff_read8.cpp.obj) : warning LNK4099: PDB '' was not found with 'blk.lib(iff_read8.cpp.obj)' or at ''; linking object as if no debug info
blk.lib(iff_unread8.cpp.obj) : warning LNK4099: PDB '' was not found with 'blk.lib(iff_unread8.cpp.obj)' or at ''; linking object as if no debug info
blk.lib(iff_bgnread8.cpp.obj) : warning LNK4099: PDB '' was not found with 'blk.lib(iff_bgnread8.cpp.obj)' or at ''; linking object as if no debug info
blk.lib(iff_write8.cpp.obj) : warning LNK4099: PDB '' was not found with 'blk.lib(iff_write8.cpp.obj)' or at ''; linking object as if no debug info
blk.lib(iff_bgnwrite8.cpp.obj) : warning LNK4099: PDB '' was not found with 'blk.lib(iff_bgnwrite8.cpp.obj)' or at ''; linking object as if no debug info
blk.lib(iff_edit8.cpp.obj) : warning LNK4099: PDB '' was not found with 'blk.lib(iff_edit8.cpp.obj)' or at ''; linking object as if no debug info
blk.lib(iff_bgnget8.cpp.obj) : warning LNK4099: PDB '' was not found with 'blk.lib(iff_bgnget8.cpp.obj)' or at ''; linking object as if no debug info
blk.lib(iff_sget8.cpp.obj) : warning LNK4099: PDB '' was not found with 'blk.lib(iff_sget8.cpp.obj)' or at ''; linking object as if no debug info
blk.lib(iff_bgnput8.cpp.obj) : warning LNK4099: PDB '' was not found with 'blk.lib(iff_bgnput8.cpp.obj)' or at ''; linking object as if no debug info
blk.lib(iff_readchunk8.cpp.obj) : warning LNK4099: PDB '' was not found with 'blk.lib(iff_readchunk8.cpp.obj)' or at ''; linking object as if no debug info
blk.lib(iff_getchunk8.cpp.obj) : warning LNK4099: PDB '' was not found with 'blk.lib(iff_getchunk8.cpp.obj)' or at ''; linking object as if no debug info
blk.lib(iff_putchunk8.cpp.obj) : warning LNK4099: PDB '' was not found with 'blk.lib(iff_putchunk8.cpp.obj)' or at ''; linking object as if no debug info
blk.lib(iff_bgnwbchunk8.cpp.obj) : warning LNK4099: PDB '' was not found with 'blk.lib(iff_bgnwbchunk8.cpp.obj)' or at ''; linking object as if no debug info
blk.lib(iff_bgnrgroup8.cpp.obj) : warning LNK4099: PDB '' was not found with 'blk.lib(iff_bgnrgroup8.cpp.obj)' or at ''; linking object as if no debug info
blk.lib(iff_bgnwgroup8.cpp.obj) : warning LNK4099: PDB '' was not found with 'blk.lib(iff_bgnwgroup8.cpp.obj)' or at ''; linking object as if no debug info
blk.lib(iff_skipgroup8.cpp.obj) : warning LNK4099: PDB '' was not found with 'blk.lib(iff_skipgroup8.cpp.obj)' or at ''; linking object as if no debug info
blk.lib(iff_gets8.cpp.obj) : warning LNK4099: PDB '' was not found with 'blk.lib(iff_gets8.cpp.obj)' or at ''; linking object as if no debug info
blk.lib(iff_puts8.cpp.obj) : warning LNK4099: PDB '' was not found with 'blk.lib(iff_puts8.cpp.obj)' or at ''; linking object as if no debug info
blk.lib(TokenMap.cpp.obj) : warning LNK4099: PDB '' was not found with 'blk.lib(TokenMap.cpp.obj)' or at ''; linking object as if no debug info
blk.lib(Foundation.cpp.obj) : warning LNK4099: PDB '' was not found with 'blk.lib(Foundation.cpp.obj)' or at ''; linking object as if no debug info
blk.lib(ArchiveWriter.cpp.obj) : warning LNK4099: PDB '' was not found with 'blk.lib(ArchiveWriter.cpp.obj)' or at ''; linking object as if no debug info
blk.lib(OData.cpp.obj) : warning LNK4099: PDB '' was not found with 'blk.lib(OData.cpp.obj)' or at ''; linking object as if no debug info
blk.lib(OGroup.cpp.obj) : warning LNK4099: PDB '' was not found with 'blk.lib(OGroup.cpp.obj)' or at ''; linking object as if no debug info
blk.lib(OArchive.cpp.obj) : warning LNK4099: PDB '' was not found with 'blk.lib(OArchive.cpp.obj)' or at ''; linking object as if no debug info
blk.lib(MetaDataMap.cpp.obj) : warning LNK4099: PDB '' was not found with 'blk.lib(MetaDataMap.cpp.obj)' or at ''; linking object as if no debug info
blk.lib(WriteUtil.cpp.obj) : warning LNK4099: PDB '' was not found with 'blk.lib(WriteUtil.cpp.obj)' or at ''; linking object as if no debug info
blk.lib(OwData.cpp.obj) : warning LNK4099: PDB '' was not found with 'blk.lib(OwData.cpp.obj)' or at ''; linking object as if no debug info
blk.lib(OwImpl.cpp.obj) : warning LNK4099: PDB '' was not found with 'blk.lib(OwImpl.cpp.obj)' or at ''; linking object as if no debug info
blk.lib(ArchiveReader.cpp.obj) : warning LNK4099: PDB '' was not found with 'blk.lib(ArchiveReader.cpp.obj)' or at ''; linking object as if no debug info
blk.lib(IData.cpp.obj) : warning LNK4099: PDB '' was not found with 'blk.lib(IData.cpp.obj)' or at ''; linking object as if no debug info
blk.lib(IGroup.cpp.obj) : warning LNK4099: PDB '' was not found with 'blk.lib(IGroup.cpp.obj)' or at ''; linking object as if no debug info
blk.lib(IArchive.cpp.obj) : warning LNK4099: PDB '' was not found with 'blk.lib(IArchive.cpp.obj)' or at ''; linking object as if no debug info
blk.lib(StreamManager.cpp.obj) : warning LNK4099: PDB '' was not found with 'blk.lib(StreamManager.cpp.obj)' or at ''; linking object as if no debug info
blk.lib(OrData.cpp.obj) : warning LNK4099: PDB '' was not found with 'blk.lib(OrData.cpp.obj)' or at ''; linking object as if no debug info
blk.lib(OrImpl.cpp.obj) : warning LNK4099: PDB '' was not found with 'blk.lib(OrImpl.cpp.obj)' or at ''; linking object as if no debug info
blk.lib(ReadUtil.cpp.obj) : warning LNK4099: PDB '' was not found with 'blk.lib(ReadUtil.cpp.obj)' or at ''; linking object as if no debug info
blk.lib(OrImpl.cpp.obj) : warning LNK4099: PDB '' was not found with 'blk.lib(OrImpl.cpp.obj)' or at ''; linking object as if no debug info
blk.lib(swapbyte.cxx.obj) : warning LNK4099: PDB '' was not found with 'blk.lib(swapbyte.cxx.obj)' or at ''; linking object as if no debug info
blk.lib(3dsutil.cxx.obj) : warning LNK4099: PDB '' was not found with 'blk.lib(3dsutil.cxx.obj)' or at ''; linking object as if no debug info
blk.lib(xpointer.c.obj) : warning LNK4099: PDB '' was not found with 'blk.lib(xpointer.c.obj)' or at ''; linking object as if no debug info
blk.lib(awOSTmpFilename.cpp.obj) : warning LNK4099: PDB '' was not found with 'blk.lib(awOSTmpFilename.cpp.obj)' or at ''; linking object as if no debug info
blk.lib(iff_scanlist.cpp.obj) : warning LNK4099: PDB '' was not found with 'blk.lib(iff_scanlist.cpp.obj)' or at ''; linking object as if no debug info
blk.lib(iff_list.cpp.obj) : warning LNK4099: PDB '' was not found with 'blk.lib(iff_list.cpp.obj)' or at ''; linking object as if no debug info
blk.lib(iff_nodes.cpp.obj) : warning LNK4099: PDB '' was not found with 'blk.lib(iff_nodes.cpp.obj)' or at ''; linking object as if no debug info
blk.lib(iff_fmemory.cpp.obj) : warning LNK4099: PDB '' was not found with 'blk.lib(iff_fmemory.cpp.obj)' or at ''; linking object as if no debug info
blk.lib(iff_getext.cpp.obj) : warning LNK4099: PDB '' was not found with 'blk.lib(iff_getext.cpp.obj)' or at ''; linking object as if no debug info
blk.lib(iff_filter.cpp.obj) : warning LNK4099: PDB '' was not found with 'blk.lib(iff_filter.cpp.obj)' or at ''; linking object as if no debug info
blk.lib(iff_tmpname.cpp.obj) : warning LNK4099: PDB '' was not found with 'blk.lib(iff_tmpname.cpp.obj)' or at ''; linking object as if no debug info
blk.lib(iff_fdwrite.cpp.obj) : warning LNK4099: PDB '' was not found with 'blk.lib(iff_fdwrite.cpp.obj)' or at ''; linking object as if no debug info
blk.lib(iff_findfile.cpp.obj) : warning LNK4099: PDB '' was not found with 'blk.lib(iff_findfile.cpp.obj)' or at ''; linking object as if no debug info
blk.lib(iff_marks.cpp.obj) : warning LNK4099: PDB '' was not found with 'blk.lib(iff_marks.cpp.obj)' or at ''; linking object as if no debug info
blk.lib(iff_context.cpp.obj) : warning LNK4099: PDB '' was not found with 'blk.lib(iff_context.cpp.obj)' or at ''; linking object as if no debug info
blk.lib(iff_wait.cpp.obj) : warning LNK4099: PDB '' was not found with 'blk.lib(iff_wait.cpp.obj)' or at ''; linking object as if no debug info
blk.lib(iff_setdelay.cpp.obj) : warning LNK4099: PDB '' was not found with 'blk.lib(iff_setdelay.cpp.obj)' or at ''; linking object as if no debug info
blk.lib(iff_flsetid.cpp.obj) : warning LNK4099: PDB '' was not found with 'blk.lib(iff_flsetid.cpp.obj)' or at ''; linking object as if no debug info
blk.lib(iff_filter8.cpp.obj) : warning LNK4099: PDB '' was not found with 'blk.lib(iff_filter8.cpp.obj)' or at ''; linking object as if no debug info
blk.lib(iff_marks8.cpp.obj) : warning LNK4099: PDB '' was not found with 'blk.lib(iff_marks8.cpp.obj)' or at ''; linking object as if no debug info
blk.lib(iff_context8.cpp.obj) : warning LNK4099: PDB '' was not found with 'blk.lib(iff_context8.cpp.obj)' or at ''; linking object as if no debug info
blk.lib(iff_flsetid8.cpp.obj) : warning LNK4099: PDB '' was not found with 'blk.lib(iff_flsetid8.cpp.obj)' or at ''; linking object as if no debug info
blk.lib(OStream.cpp.obj) : warning LNK4099: PDB '' was not found with 'blk.lib(OStream.cpp.obj)' or at ''; linking object as if no debug info
blk.lib(SpookyV2.cpp.obj) : warning LNK4099: PDB '' was not found with 'blk.lib(SpookyV2.cpp.obj)' or at ''; linking object as if no debug info
blk.lib(CpwData.cpp.obj) : warning LNK4099: PDB '' was not found with 'blk.lib(CpwData.cpp.obj)' or at ''; linking object as if no debug info
blk.lib(CpwImpl.cpp.obj) : warning LNK4099: PDB '' was not found with 'blk.lib(CpwImpl.cpp.obj)' or at ''; linking object as if no debug info
blk.lib(ObjectWriter.cpp.obj) : warning LNK4099: PDB '' was not found with 'blk.lib(ObjectWriter.cpp.obj)' or at ''; linking object as if no debug info
blk.lib(IStreams.cpp.obj) : warning LNK4099: PDB '' was not found with 'blk.lib(IStreams.cpp.obj)' or at ''; linking object as if no debug info
blk.lib(CprData.cpp.obj) : warning LNK4099: PDB '' was not found with 'blk.lib(CprData.cpp.obj)' or at ''; linking object as if no debug info
blk.lib(CprImpl.cpp.obj) : warning LNK4099: PDB '' was not found with 'blk.lib(CprImpl.cpp.obj)' or at ''; linking object as if no debug info
blk.lib(ObjectReader.cpp.obj) : warning LNK4099: PDB '' was not found with 'blk.lib(ObjectReader.cpp.obj)' or at ''; linking object as if no debug info
blk.lib(half.cpp.obj) : warning LNK4099: PDB '' was not found with 'blk.lib(half.cpp.obj)' or at ''; linking object as if no debug info
blk.lib(ArraySample.cpp.obj) : warning LNK4099: PDB '' was not found with 'blk.lib(ArraySample.cpp.obj)' or at ''; linking object as if no debug info
blk.lib(CprImpl.cpp.obj) : warning LNK4099: PDB '' was not found with 'blk.lib(CprImpl.cpp.obj)' or at ''; linking object as if no debug info
blk.lib(awOSFileOps.cpp.obj) : warning LNK4099: PDB '' was not found with 'blk.lib(awOSFileOps.cpp.obj)' or at ''; linking object as if no debug info
blk.lib(iff_exec.cpp.obj) : warning LNK4099: PDB '' was not found with 'blk.lib(iff_exec.cpp.obj)' or at ''; linking object as if no debug info
blk.lib(iff_flpath.cpp.obj) : warning LNK4099: PDB '' was not found with 'blk.lib(iff_flpath.cpp.obj)' or at ''; linking object as if no debug info
blk.lib(iff_gettype.cpp.obj) : warning LNK4099: PDB '' was not found with 'blk.lib(iff_gettype.cpp.obj)' or at ''; linking object as if no debug info
blk.lib(SpwImpl.cpp.obj) : warning LNK4099: PDB '' was not found with 'blk.lib(SpwImpl.cpp.obj)' or at ''; linking object as if no debug info
blk.lib(ApwImpl.cpp.obj) : warning LNK4099: PDB '' was not found with 'blk.lib(ApwImpl.cpp.obj)' or at ''; linking object as if no debug info
blk.lib(BasePropertyWriter.cpp.obj) : warning LNK4099: PDB '' was not found with 'blk.lib(BasePropertyWriter.cpp.obj)' or at ''; linking object as if no debug info
blk.lib(CompoundPropertyWriter.cpp.obj) : warning LNK4099: PDB '' was not found with 'blk.lib(CompoundPropertyWriter.cpp.obj)' or at ''; linking object as if no debug info
blk.lib(SprImpl.cpp.obj) : warning LNK4099: PDB '' was not found with 'blk.lib(SprImpl.cpp.obj)' or at ''; linking object as if no debug info
blk.lib(AprImpl.cpp.obj) : warning LNK4099: PDB '' was not found with 'blk.lib(AprImpl.cpp.obj)' or at ''; linking object as if no debug info
blk.lib(BasePropertyReader.cpp.obj) : warning LNK4099: PDB '' was not found with 'blk.lib(BasePropertyReader.cpp.obj)' or at ''; linking object as if no debug info
blk.lib(CompoundPropertyReader.cpp.obj) : warning LNK4099: PDB '' was not found with 'blk.lib(CompoundPropertyReader.cpp.obj)' or at ''; linking object as if no debug info
blk.lib(Murmur3.cpp.obj) : warning LNK4099: PDB '' was not found with 'blk.lib(Murmur3.cpp.obj)' or at ''; linking object as if no debug info
blk.lib(iff_work.cpp.obj) : warning LNK4099: PDB '' was not found with 'blk.lib(iff_work.cpp.obj)' or at ''; linking object as if no debug info
blk.lib(ScalarPropertyWriter.cpp.obj) : warning LNK4099: PDB '' was not found with 'blk.lib(ScalarPropertyWriter.cpp.obj)' or at ''; linking object as if no debug info
blk.lib(ArrayPropertyWriter.cpp.obj) : warning LNK4099: PDB '' was not found with 'blk.lib(ArrayPropertyWriter.cpp.obj)' or at ''; linking object as if no debug info
blk.lib(ScalarPropertyReader.cpp.obj) : warning LNK4099: PDB '' was not found with 'blk.lib(ScalarPropertyReader.cpp.obj)' or at ''; linking object as if no debug info
blk.lib(ArrayPropertyReader.cpp.obj) : warning LNK4099: PDB '' was not found with 'blk.lib(ArrayPropertyReader.cpp.obj)' or at ''; linking object as if no debug info
  CannonBall.vcxproj -> C:\projects\blk\cannon\x64\Release\cannon.exe
